Archive member included to satisfy reference by file (symbol)

/usr/lib/gcc/arm-none-eabi/13.2.1/../../../arm-none-eabi/lib/thumb/v6-m/nofp/libc_nano.a(libc_a-init.o)
                              /usr/lib/gcc/arm-none-eabi/13.2.1/../../../arm-none-eabi/lib/thumb/v6-m/nofp/crt0.o (__libc_init_array)
/usr/lib/gcc/arm-none-eabi/13.2.1/../../../arm-none-eabi/lib/thumb/v6-m/nofp/libc_nano.a(libc_a-memset.o)
                              /usr/lib/gcc/arm-none-eabi/13.2.1/../../../arm-none-eabi/lib/thumb/v6-m/nofp/crt0.o (memset)
/usr/lib/gcc/arm-none-eabi/13.2.1/../../../arm-none-eabi/lib/thumb/v6-m/nofp/libc_nano.a(libc_a-errno.o)
                              build/sysmem.o (__errno)
/usr/lib/gcc/arm-none-eabi/13.2.1/../../../arm-none-eabi/lib/thumb/v6-m/nofp/libc_nano.a(libc_a-exit.o)
                              /usr/lib/gcc/arm-none-eabi/13.2.1/../../../arm-none-eabi/lib/thumb/v6-m/nofp/crt0.o (exit)
/usr/lib/gcc/arm-none-eabi/13.2.1/../../../arm-none-eabi/lib/thumb/v6-m/nofp/libc_nano.a(libc_a-atexit.o)
                              /usr/lib/gcc/arm-none-eabi/13.2.1/../../../arm-none-eabi/lib/thumb/v6-m/nofp/crt0.o (atexit)
/usr/lib/gcc/arm-none-eabi/13.2.1/../../../arm-none-eabi/lib/thumb/v6-m/nofp/libc_nano.a(libc_a-memcpy-stub.o)
                              build/servo.o (memcpy)
/usr/lib/gcc/arm-none-eabi/13.2.1/../../../arm-none-eabi/lib/thumb/v6-m/nofp/libc_nano.a(libc_a-fini.o)
                              /usr/lib/gcc/arm-none-eabi/13.2.1/../../../arm-none-eabi/lib/thumb/v6-m/nofp/crt0.o (__libc_fini_array)
/usr/lib/gcc/arm-none-eabi/13.2.1/../../../arm-none-eabi/lib/thumb/v6-m/nofp/libc_nano.a(libc_a-impure.o)
                              /usr/lib/gcc/arm-none-eabi/13.2.1/../../../arm-none-eabi/lib/thumb/v6-m/nofp/libc_nano.a(libc_a-errno.o) (_impure_ptr)
/usr/lib/gcc/arm-none-eabi/13.2.1/../../../arm-none-eabi/lib/thumb/v6-m/nofp/libc_nano.a(libc_a-findfp.o)
                              /usr/lib/gcc/arm-none-eabi/13.2.1/../../../arm-none-eabi/lib/thumb/v6-m/nofp/libc_nano.a(libc_a-exit.o) (__stdio_exit_handler)
/usr/lib/gcc/arm-none-eabi/13.2.1/../../../arm-none-eabi/lib/thumb/v6-m/nofp/libc_nano.a(libc_a-fflush.o)
                              /usr/lib/gcc/arm-none-eabi/13.2.1/../../../arm-none-eabi/lib/thumb/v6-m/nofp/libc_nano.a(libc_a-findfp.o) (_fflush_r)
/usr/lib/gcc/arm-none-eabi/13.2.1/../../../arm-none-eabi/lib/thumb/v6-m/nofp/libc_nano.a(libc_a-mallocr.o)
                              /usr/lib/gcc/arm-none-eabi/13.2.1/../../../arm-none-eabi/lib/thumb/v6-m/nofp/libc_nano.a(libc_a-findfp.o) (_malloc_r)
/usr/lib/gcc/arm-none-eabi/13.2.1/../../../arm-none-eabi/lib/thumb/v6-m/nofp/libc_nano.a(libc_a-freer.o)
                              /usr/lib/gcc/arm-none-eabi/13.2.1/../../../arm-none-eabi/lib/thumb/v6-m/nofp/libc_nano.a(libc_a-fflush.o) (_free_r)
/usr/lib/gcc/arm-none-eabi/13.2.1/../../../arm-none-eabi/lib/thumb/v6-m/nofp/libc_nano.a(libc_a-fwalk.o)
                              /usr/lib/gcc/arm-none-eabi/13.2.1/../../../arm-none-eabi/lib/thumb/v6-m/nofp/libc_nano.a(libc_a-findfp.o) (_fwalk_sglue)
/usr/lib/gcc/arm-none-eabi/13.2.1/../../../arm-none-eabi/lib/thumb/v6-m/nofp/libc_nano.a(libc_a-__atexit.o)
                              /usr/lib/gcc/arm-none-eabi/13.2.1/../../../arm-none-eabi/lib/thumb/v6-m/nofp/libc_nano.a(libc_a-atexit.o) (__register_exitproc)
/usr/lib/gcc/arm-none-eabi/13.2.1/../../../arm-none-eabi/lib/thumb/v6-m/nofp/libc_nano.a(libc_a-mlock.o)
                              /usr/lib/gcc/arm-none-eabi/13.2.1/../../../arm-none-eabi/lib/thumb/v6-m/nofp/libc_nano.a(libc_a-mallocr.o) (__malloc_lock)
/usr/lib/gcc/arm-none-eabi/13.2.1/../../../arm-none-eabi/lib/thumb/v6-m/nofp/libc_nano.a(libc_a-sbrkr.o)
                              /usr/lib/gcc/arm-none-eabi/13.2.1/../../../arm-none-eabi/lib/thumb/v6-m/nofp/libc_nano.a(libc_a-mallocr.o) (_sbrk_r)
/usr/lib/gcc/arm-none-eabi/13.2.1/../../../arm-none-eabi/lib/thumb/v6-m/nofp/libc_nano.a(libc_a-stdio.o)
                              /usr/lib/gcc/arm-none-eabi/13.2.1/../../../arm-none-eabi/lib/thumb/v6-m/nofp/libc_nano.a(libc_a-findfp.o) (__sread)
/usr/lib/gcc/arm-none-eabi/13.2.1/../../../arm-none-eabi/lib/thumb/v6-m/nofp/libc_nano.a(libc_a-closer.o)
                              /usr/lib/gcc/arm-none-eabi/13.2.1/../../../arm-none-eabi/lib/thumb/v6-m/nofp/libc_nano.a(libc_a-stdio.o) (_close_r)
/usr/lib/gcc/arm-none-eabi/13.2.1/../../../arm-none-eabi/lib/thumb/v6-m/nofp/libc_nano.a(libc_a-__call_atexit.o)
                              /usr/lib/gcc/arm-none-eabi/13.2.1/../../../arm-none-eabi/lib/thumb/v6-m/nofp/libc_nano.a(libc_a-__atexit.o) (__call_exitprocs)
/usr/lib/gcc/arm-none-eabi/13.2.1/../../../arm-none-eabi/lib/thumb/v6-m/nofp/libc_nano.a(libc_a-readr.o)
                              /usr/lib/gcc/arm-none-eabi/13.2.1/../../../arm-none-eabi/lib/thumb/v6-m/nofp/libc_nano.a(libc_a-stdio.o) (_read_r)
/usr/lib/gcc/arm-none-eabi/13.2.1/../../../arm-none-eabi/lib/thumb/v6-m/nofp/libc_nano.a(libc_a-reent.o)
[...]
Memory Configuration

Name             Origin             Length             Attributes
RAM              0x20000000         0x00024000         xrw
FLASH            0x08000000         0x00020000         xr
*default*        0x00000000         0xffffffff

Linker script and memory map

LOAD /usr/lib/gcc/arm-none-eabi/13.2.1/thumb/v6-m/nofp/crti.o
LOAD /usr/lib/gcc/arm-none-eabi/13.2.1/thumb/v6-m/nofp/crtbegin.o
LOAD /usr/lib/gcc/arm-none-eabi/13.2.1/../../../arm-none-eabi/lib/thumb/v6-m/nofp/crt0.o
LOAD build/main.o
LOAD build/servo.o
LOAD build/stm32g0xx_it.o
LOAD build/stm32g0xx_hal_msp.o
LOAD build/stm32g0xx_hal_tim.o
LOAD build/stm32g0xx_hal_tim_ex.o
LOAD build/stm32g0xx_hal_rcc.o
LOAD build/stm32g0xx_hal_rcc_ex.o
LOAD build/stm32g0xx_ll_rcc.o
LOAD build/stm32g0xx_hal_flash.o
LOAD build/stm32g0xx_hal_flash_ex.o
LOAD build/stm32g0xx_hal_gpio.o
LOAD build/stm32g0xx_hal_dma.o
LOAD build/stm32g0xx_hal_dma_ex.o
LOAD build/stm32g0xx_hal_pwr.o
LOAD build/stm32g0xx_hal_pwr_ex.o
LOAD build/stm32g0xx_hal_cortex.o
LOAD build/stm32g0xx_hal.o
LOAD build/stm32g0xx_hal_exti.o
LOAD build/stm32g0xx_hal_uart.o
LOAD build/stm32g0xx_hal_uart_ex.o
LOAD build/system_stm32g0xx.o
LOAD build/sysmem.o
LOAD build/syscalls.o
LOAD build/usb_device.o
LOAD build/usbd_desc.o
LOAD build/usbd_cdc_if.o
LOAD build/usbd_conf.o
LOAD build/stm32g0xx_hal_pcd.o
LOAD build/stm32g0xx_hal_pcd_ex.o
LOAD build/stm32g0xx_ll_usb.o
LOAD build/usbd_core.o
LOAD build/usbd_ctlreq.o
LOAD build/usbd_ioreq.o
LOAD build/usbd_cdc.o
LOAD build/startup_stm32g0b1xx.o
LOAD /usr/lib/gcc/arm-none-eabi/13.2.1/../../../arm-none-eabi/lib/thumb/v6-m/nofp/libc_nano.a
LOAD /usr/lib/gcc/arm-none-eabi/13.2.1/../../../arm-none-eabi/lib/thumb/v6-m/nofp/libm.a
LOAD /usr/lib/gcc/arm-none-eabi/13.2.1/../../../arm-none-eabi/lib/thumb/v6-m/nofp/libnosys.a
START GROUP
LOAD /usr/lib/gcc/arm-none-eabi/13.2.1/thumb/v6-m/nofp/libgcc.a
LOAD /usr/lib/gcc/arm-none-eabi/13.2.1/../../../arm-none-eabi/lib/thumb/v6-m/nofp/libc_nano.a
END GROUP
START GROUP
LOAD /usr/lib/gcc/arm-none-eabi/13.2.1/thumb/v6-m/nofp/libgcc.a
LOAD /usr/lib/gcc/arm-none-eabi/13.2.1/../../../arm-none-eabi/lib/thumb/v6-m/nofp/libc_nano.a
END GROUP
LOAD /usr/lib/gcc/arm-none-eabi/13.2.1/thumb/v6-m/nofp/crtend.o
LOAD /usr/lib/gcc/arm-none-eabi/13.2.1/thumb/v6-m/nofp/crtn.o
                0x20024000                        _estack = (ORIGIN (RAM) + LENGTH (RAM))
                0x20023c00                        _sstack = (_estack - _Min_Stack_Size)
                0x00000200                        _Min_Heap_Size = 0x200
                0x00000400                        _Min_Stack_Size = 0x400

.isr_vector     0x08000000       0xbc
                0x08000000                        . = ALIGN (0x4)
 *(.isr_vector)
 .isr_vector    0x08000000       0xbc build/startup_stm32g0b1xx.o
                0x08000000                g_pfnVectors
                0x080000bc                        . = ALIGN (0x4)

.text           0x080000bc     0x6188
                0x080000bc                        . = ALIGN (0x4)
 *(.text)
 .text          0x080000bc       0x98 /usr/lib/gcc/arm-none-eabi/13.2.1/thumb/v6-m/nofp/crtbegin.o
 .text          0x08000154       0x48 /usr/lib/gcc/arm-none-eabi/13.2.1/../../../arm-none-eabi/lib/thumb/v6-m/nofp/libc_nano.a(libc_a-init.o)
                0x08000154                __libc_init_array
 .text          0x0800019c       0xa8 /usr/lib/gcc/arm-none-eabi/13.2.1/../../../arm-none-eabi/lib/thumb/v6-m/nofp/libc_nano.a(libc_a-memset.o)
                0x0800019c                memset
 .text          0x08000244       0x8c /usr/lib/gcc/arm-none-eabi/13.2.1/../../../arm-none-eabi/lib/thumb/v6-m/nofp/libc_nano.a(libc_a-memcpy-stub.o)
                0x08000244                memcpy
 .text          0x080002d0      0x114 /usr/lib/gcc/arm-none-eabi/13.2.1/thumb/v6-m/nofp/libgcc.a(_udivsi3.o)
                0x080002d0                __udivsi3
                0x080002d0                __aeabi_uidiv
                0x080003dc                __aeabi_uidivmod
 .text          0x080003e4      0x1d4 /usr/lib/gcc/arm-none-eabi/13.2.1/thumb/v6-m/nofp/libgcc.a(_divsi3.o)
                0x080003e4                __aeabi_idiv
                0x080003e4                __divsi3
                0x080005b0                __aeabi_idivmod
 .text          0x080005b8        0x4 /usr/lib/gcc/arm-none-eabi/13.2.1/thumb/v6-m/nofp/libgcc.a(_dvmd_tls.o)
                0x080005b8                __aeabi_ldiv0
                0x080005b8                __aeabi_idiv0
 .text          0x080005bc       0x40 /usr/lib/gcc/arm-none-eabi/13.2.1/thumb/v6-m/nofp/libgcc.a(_aeabi_uldivmod.o)
                0x080005bc                __aeabi_uldivmod
 .text          0x080005fc      0x198 /usr/lib/gcc/arm-none-eabi/13.2.1/thumb/v6-m/nofp/libgcc.a(_udivmoddi4.o)
                0x080005fc                __udivmoddi4
 .text          0x08000794       0x18 /usr/lib/gcc/arm-none-eabi/13.2.1/thumb/v6-m/nofp/libgcc.a(_clzdi2.o)
                0x08000794                __clzdi2
 .text          0x080007ac       0x3c /usr/lib/gcc/arm-none-eabi/13.2.1/thumb/v6-m/nofp/libgcc.a(_clzsi2.o)
                0x080007ac                __clzsi2
 *(.text*)
 .text.MX_GPIO_Init
                0x080007e8       0x2c build/main.o
 .text.process_degree_command
                0x08000814       0x94 build/main.o
                0x08000814                process_degree_command
 .text.Error_Handler
                0x080008a8        0x4 build/main.o
                0x080008a8                Error_Handler
 .text.MX_TIM1_Init
                0x080008ac       0x78 build/main.o
 .text.MX_USART1_UART_Init
                0x08000924       0x74 build/main.o
 .text.SystemClock_Config
                0x08000998       0x84 build/main.o
                0x08000998                SystemClock_Config
 .text.main     0x08000a1c       0x54 build/main.o
                0x08000a1c                main
 .text.servo_read_bytes
                0x08000a70       0x44 build/servo.o
 .text.servo_write_packet
                0x08000ab4      0x100 build/servo.o
 .text.servo_read_word
                0x08000bb4       0x94 build/servo.o
 .text.servo_init
                0x08000c48        0xc build/servo.o
                0x08000c48                servo_init
 .text.servo_set_position
                0x08000c54       0x34 build/servo.o
                0x08000c54                servo_set_position
 .text.servo_read_position
                0x08000c88       0x14 build/servo.o
                0x08000c88                servo_read_position
 .text.NMI_Handler
                0x08000c9c        0x2 build/stm32g0xx_it.o
                0x08000c9c                NMI_Handler
 .text.HardFault_Handler
                0x08000c9e        0x2 build/stm32g0xx_it.o
                0x08000c9e                HardFault_Handler
 .text.SVC_Handler
                0x08000ca0        0x2 build/stm32g0xx_it.o
                0x08000ca0                SVC_Handler
 .text.PendSV_Handler
                0x08000ca2        0x2 build/stm32g0xx_it.o
                0x08000ca2                PendSV_Handler
 .text.SysTick_Handler
                0x08000ca4        0x8 build/stm32g0xx_it.o
                0x08000ca4                SysTick_Handler
 .text.USB_UCPD1_2_IRQHandler
                0x08000cac       0x10 build/stm32g0xx_it.o
                0x08000cac                USB_UCPD1_2_IRQHandler
 .text.USART1_IRQHandler
                0x08000cbc       0x10 build/stm32g0xx_it.o
                0x08000cbc                USART1_IRQHandler
 .text.HAL_MspInit
                0x08000ccc       0x38 build/stm32g0xx_hal_msp.o
                0x08000ccc                HAL_MspInit
 .text.HAL_TIM_Base_MspInit
                0x08000d04       0x50 build/stm32g0xx_hal_msp.o
                0x08000d04                HAL_TIM_Base_MspInit
 .text.HAL_UART_MspInit
                0x08000d54       0x98 build/stm32g0xx_hal_msp.o
                0x08000d54                HAL_UART_MspInit
 .text.TIM_TI1_ConfigInputStage
                0x08000dec       0x54 build/stm32g0xx_hal_tim.o
 .text.TIM_TI2_ConfigInputStage
                0x08000e40       0x3c build/stm32g0xx_hal_tim.o
 .text.TIM_ITRx_SetConfig
                0x08000e7c       0x14 build/stm32g0xx_hal_tim.o
 .text.TIM_Base_SetConfig
                0x08000e90       0xc0 build/stm32g0xx_hal_tim.o
                0x08000e90                TIM_Base_SetConfig
 .text.HAL_TIM_Base_Init
                0x08000f50       0x60 build/stm32g0xx_hal_tim.o
                0x08000f50                HAL_TIM_Base_Init
 .text.TIM_ETR_SetConfig
                0x08000fb0       0x18 build/stm32g0xx_hal_tim.o
                0x08000fb0                TIM_ETR_SetConfig
 .text.HAL_TIM_ConfigClockSource
                0x08000fc8      0x108 build/stm32g0xx_hal_tim.o
                0x08000fc8                HAL_TIM_ConfigClockSource
 .text.HAL_TIMEx_MasterConfigSynchronization
                0x080010d0       0x8c build/stm32g0xx_hal_tim_ex.o
                0x080010d0                HAL_TIMEx_MasterConfigSynchronization
 .text.HAL_RCC_OscConfig
                0x0800115c      0x518 build/stm32g0xx_hal_rcc.o
                0x0800115c                HAL_RCC_OscConfig
 .text.HAL_RCC_GetSysClockFreq
                0x08001674       0xb8 build/stm32g0xx_hal_rcc.o
                0x08001674                HAL_RCC_GetSysClockFreq
 .text.HAL_RCC_ClockConfig
                0x0800172c      0x18c build/stm32g0xx_hal_rcc.o
                0x0800172c                HAL_RCC_ClockConfig
 .text.HAL_RCC_GetHCLKFreq
                0x080018b8        0xc build/stm32g0xx_hal_rcc.o
                0x080018b8                HAL_RCC_GetHCLKFreq
 .text.HAL_RCC_GetPCLK1Freq
                0x080018c4       0x28 build/stm32g0xx_hal_rcc.o
                0x080018c4                HAL_RCC_GetPCLK1Freq
 .text.HAL_RCCEx_PeriphCLKConfig
                0x080018ec      0x2fc build/stm32g0xx_hal_rcc_ex.o
                0x080018ec                HAL_RCCEx_PeriphCLKConfig
 .text.HAL_GPIO_Init
                0x08001be8      0x180 build/stm32g0xx_hal_gpio.o
                0x08001be8                HAL_GPIO_Init
 .text.HAL_DMA_Abort
                0x08001d68       0x78 build/stm32g0xx_hal_dma.o
                0x08001d68                HAL_DMA_Abort
 .text.HAL_DMA_Abort_IT
                0x08001de0       0x74 build/stm32g0xx_hal_dma.o
                0x08001de0                HAL_DMA_Abort_IT
 .text.HAL_PWREx_EnableVddUSB
                0x08001e54       0x14 build/stm32g0xx_hal_pwr_ex.o
                0x08001e54                HAL_PWREx_EnableVddUSB
 .text.HAL_PWREx_ControlVoltageScaling
                0x08001e68       0x54 build/stm32g0xx_hal_pwr_ex.o
                0x08001e68                HAL_PWREx_ControlVoltageScaling
 .text.__NVIC_SetPriority
                0x08001ebc       0x60 build/stm32g0xx_hal_cortex.o
 .text.SysTick_Config
                0x08001f1c       0x38 build/stm32g0xx_hal_cortex.o
 .text.HAL_NVIC_SetPriority
                0x08001f54        0x8 build/stm32g0xx_hal_cortex.o
                0x08001f54                HAL_NVIC_SetPriority
 .text.HAL_NVIC_EnableIRQ
                0x08001f5c       0x18 build/stm32g0xx_hal_cortex.o
                0x08001f5c                HAL_NVIC_EnableIRQ
 .text.HAL_SYSTICK_Config
                0x08001f74        0x8 build/stm32g0xx_hal_cortex.o
                0x08001f74                HAL_SYSTICK_Config
 .text.HAL_InitTick
                0x08001f7c       0x58 build/stm32g0xx_hal.o
                0x08001f7c                HAL_InitTick
 .text.HAL_Init
                0x08001fd4       0x28 build/stm32g0xx_hal.o
                0x08001fd4                HAL_Init
 .text.HAL_IncTick
                0x08001ffc       0x18 build/stm32g0xx_hal.o
                0x08001ffc                HAL_IncTick
 .text.HAL_GetTick
                0x08002014        0xc build/stm32g0xx_hal.o
                0x08002014                HAL_GetTick
 .text.HAL_Delay
                0x08002020       0x24 build/stm32g0xx_hal.o
                0x08002020                HAL_Delay
 .text.HAL_SYSCFG_StrobeDBattpinsConfig
                0x08002044       0x18 build/stm32g0xx_hal.o
                0x08002044                HAL_SYSCFG_StrobeDBattpinsConfig
 .text.UART_EndRxTransfer
                0x0800205c       0x64 build/stm32g0xx_hal_uart.o
 .text.HAL_UART_TxCpltCallback
                0x080020c0        0x2 build/stm32g0xx_hal_uart.o
                0x080020c0                HAL_UART_TxCpltCallback
 .text.UART_EndTransmit_IT
                0x080020c2       0x2a build/stm32g0xx_hal_uart.o
 .text.HAL_UART_ErrorCallback
                0x080020ec        0x2 build/stm32g0xx_hal_uart.o
                0x080020ec                HAL_UART_ErrorCallback
 .text.UART_DMAAbortOnError
                0x080020ee        0xa build/stm32g0xx_hal_uart.o
 .text.HAL_UARTEx_RxEventCallback
                0x080020f8        0x2 build/stm32g0xx_hal_uart.o
                0x080020f8                HAL_UARTEx_RxEventCallback
 *fill*         0x080020fa        0x2 
 .text.HAL_UART_IRQHandler
                0x080020fc      0x334 build/stm32g0xx_hal_uart.o
                0x080020fc                HAL_UART_IRQHandler
 .text.HAL_HalfDuplex_EnableTransmitter
                0x08002430       0x52 build/stm32g0xx_hal_uart.o
                0x08002430                HAL_HalfDuplex_EnableTransmitter
 .text.HAL_HalfDuplex_EnableReceiver
                0x08002482       0x52 build/stm32g0xx_hal_uart.o
                0x08002482                HAL_HalfDuplex_EnableReceiver
 .text.UART_SetConfig
                0x080024d4      0x3a8 build/stm32g0xx_hal_uart.o
                0x080024d4                UART_SetConfig
 .text.UART_AdvFeatureConfig
                0x0800287c       0xe0 build/stm32g0xx_hal_uart.o
                0x0800287c                UART_AdvFeatureConfig
 .text.UART_WaitOnFlagUntilTimeout
                0x0800295c       0x9e build/stm32g0xx_hal_uart.o
                0x0800295c                UART_WaitOnFlagUntilTimeout
 *fill*         0x080029fa        0x2 
 .text.UART_CheckIdleState
                0x080029fc       0xd4 build/stm32g0xx_hal_uart.o
                0x080029fc                UART_CheckIdleState
 .text.HAL_HalfDuplex_Init
                0x08002ad0       0x7c build/stm32g0xx_hal_uart.o
                0x08002ad0                HAL_HalfDuplex_Init
 .text.UARTEx_SetNbDataToProcess
                0x08002b4c       0x50 build/stm32g0xx_hal_uart_ex.o
 .text.HAL_UARTEx_WakeupCallback
                0x08002b9c        0x2 build/stm32g0xx_hal_uart_ex.o
                0x08002b9c                HAL_UARTEx_WakeupCallback
 .text.HAL_UARTEx_RxFifoFullCallback
                0x08002b9e        0x2 build/stm32g0xx_hal_uart_ex.o
                0x08002b9e                HAL_UARTEx_RxFifoFullCallback
 .text.HAL_UARTEx_TxFifoEmptyCallback
                0x08002ba0        0x2 build/stm32g0xx_hal_uart_ex.o
                0x08002ba0                HAL_UARTEx_TxFifoEmptyCallback
 *fill*         0x08002ba2        0x2 
 .text.HAL_UARTEx_DisableFifoMode
                0x08002ba4       0x40 build/stm32g0xx_hal_uart_ex.o
                0x08002ba4                HAL_UARTEx_DisableFifoMode
 .text.HAL_UARTEx_SetTxFifoThreshold
                0x08002be4       0x4a build/stm32g0xx_hal_uart_ex.o
                0x08002be4                HAL_UARTEx_SetTxFifoThreshold
 *fill*         0x08002c2e        0x2 
 .text.HAL_UARTEx_SetRxFifoThreshold
                0x08002c30       0x50 build/stm32g0xx_hal_uart_ex.o
                0x08002c30                HAL_UARTEx_SetRxFifoThreshold
 .text.SystemInit
                0x08002c80        0x2 build/system_stm32g0xx.o
                0x08002c80                SystemInit
 *fill*         0x08002c82        0x2 
 .text.MX_USB_Device_Init
                0x08002c84       0x5c build/usb_device.o
                0x08002c84                MX_USB_Device_Init
 .text.USBD_CDC_DeviceDescriptor
                0x08002ce0        0xc build/usbd_desc.o
                0x08002ce0                USBD_CDC_DeviceDescriptor
 .text.USBD_CDC_LangIDStrDescriptor
                0x08002cec        0xc build/usbd_desc.o
                0x08002cec                USBD_CDC_LangIDStrDescriptor
 .text.IntToUnicode
                0x08002cf8       0x30 build/usbd_desc.o
 .text.Get_SerialNum
                0x08002d28       0x40 build/usbd_desc.o
 .text.USBD_CDC_SerialStrDescriptor
                0x08002d68       0x14 build/usbd_desc.o
                0x08002d68                USBD_CDC_SerialStrDescriptor
 .text.USBD_CDC_ProductStrDescriptor
                0x08002d7c       0x28 build/usbd_desc.o
                0x08002d7c                USBD_CDC_ProductStrDescriptor
 .text.USBD_CDC_ManufacturerStrDescriptor
                0x08002da4       0x1c build/usbd_desc.o
                0x08002da4                USBD_CDC_ManufacturerStrDescriptor
 .text.USBD_CDC_ConfigStrDescriptor
                0x08002dc0       0x28 build/usbd_desc.o
                0x08002dc0                USBD_CDC_ConfigStrDescriptor
 .text.USBD_CDC_InterfaceStrDescriptor
                0x08002de8       0x28 build/usbd_desc.o
                0x08002de8                USBD_CDC_InterfaceStrDescriptor
 .text.CDC_DeInit_FS
                0x08002e10        0x4 build/usbd_cdc_if.o
 .text.CDC_Control_FS
                0x08002e14        0x4 build/usbd_cdc_if.o
 .text.CDC_TransmitCplt_FS
                0x08002e18        0x4 build/usbd_cdc_if.o
 .text.CDC_Receive_FS
                0x08002e1c       0x2c build/usbd_cdc_if.o
 .text.CDC_Init_FS
                0x08002e48       0x28 build/usbd_cdc_if.o
 .text.CDC_Transmit_FS
                0x08002e70       0x30 build/usbd_cdc_if.o
                0x08002e70                CDC_Transmit_FS
 .text.USBD_Get_USB_Status
                0x08002ea0       0x16 build/usbd_conf.o
 .text.SystemClockConfig_Resume
                0x08002eb6        0x8 build/usbd_conf.o
 *fill*         0x08002ebe        0x2 
 .text.HAL_PCD_MspInit
                0x08002ec0       0x90 build/usbd_conf.o
                0x08002ec0                HAL_PCD_MspInit
 .text.HAL_PCD_SetupStageCallback
                0x08002f50       0x16 build/usbd_conf.o
                0x08002f50                HAL_PCD_SetupStageCallback
 .text.HAL_PCD_DataOutStageCallback
                0x08002f66       0x1e build/usbd_conf.o
                0x08002f66                HAL_PCD_DataOutStageCallback
 .text.HAL_PCD_DataInStageCallback
                0x08002f84       0x1a build/usbd_conf.o
                0x08002f84                HAL_PCD_DataInStageCallback
 .text.HAL_PCD_SOFCallback
                0x08002f9e        0xe build/usbd_conf.o
                0x08002f9e                HAL_PCD_SOFCallback
 .text.HAL_PCD_ResetCallback
                0x08002fac       0x24 build/usbd_conf.o
                0x08002fac                HAL_PCD_ResetCallback
 .text.HAL_PCD_SuspendCallback
                0x08002fd0       0x24 build/usbd_conf.o
                0x08002fd0                HAL_PCD_SuspendCallback
 .text.HAL_PCD_ResumeCallback
                0x08002ff4       0x2c build/usbd_conf.o
                0x08002ff4                HAL_PCD_ResumeCallback
 .text.USBD_LL_Init
                0x08003020       0x90 build/usbd_conf.o
                0x08003020                USBD_LL_Init
 .text.USBD_LL_Start
                0x080030b0       0x12 build/usbd_conf.o
                0x080030b0                USBD_LL_Start
 .text.USBD_LL_OpenEP
                0x080030c2       0x18 build/usbd_conf.o
                0x080030c2                USBD_LL_OpenEP
 .text.USBD_LL_CloseEP
                0x080030da       0x12 build/usbd_conf.o
                0x080030da                USBD_LL_CloseEP
 .text.USBD_LL_StallEP
                0x080030ec       0x12 build/usbd_conf.o
                0x080030ec                USBD_LL_StallEP
 .text.USBD_LL_ClearStallEP
                0x080030fe       0x12 build/usbd_conf.o
                0x080030fe                USBD_LL_ClearStallEP
 .text.USBD_LL_IsStallEP
                0x08003110       0x30 build/usbd_conf.o
                0x08003110                USBD_LL_IsStallEP
 .text.USBD_LL_SetUSBAddress
                0x08003140       0x12 build/usbd_conf.o
                0x08003140                USBD_LL_SetUSBAddress
 .text.USBD_LL_Transmit
                0x08003152       0x12 build/usbd_conf.o
                0x08003152                USBD_LL_Transmit
 .text.USBD_LL_PrepareReceive
                0x08003164       0x12 build/usbd_conf.o
                0x08003164                USBD_LL_PrepareReceive
 .text.USBD_LL_GetRxDataSize
                0x08003176        0xe build/usbd_conf.o
                0x08003176                USBD_LL_GetRxDataSize
 .text.HAL_PCDEx_LPM_Callback
                0x08003184       0x50 build/usbd_conf.o
                0x08003184                HAL_PCDEx_LPM_Callback
 .text.USBD_static_malloc
                0x080031d4        0x8 build/usbd_conf.o
                0x080031d4                USBD_static_malloc
 .text.USBD_static_free
                0x080031dc        0x2 build/usbd_conf.o
                0x080031dc                USBD_static_free
 *fill*         0x080031de        0x2 
 .text.PCD_GET_EP_RX_CNT
                0x080031e0       0x2c build/stm32g0xx_hal_pcd.o
 .text.PCD_GET_EP_DBUF0_CNT
                0x0800320c       0x2c build/stm32g0xx_hal_pcd.o
 .text.PCD_GET_EP_DBUF1_CNT
                0x08003238       0x2c build/stm32g0xx_hal_pcd.o
 .text.HAL_PCD_EP_DB_Receive
                0x08003264       0xe8 build/stm32g0xx_hal_pcd.o
 .text.HAL_PCD_Init
                0x0800334c       0xd0 build/stm32g0xx_hal_pcd.o
                0x0800334c                HAL_PCD_Init
 .text.HAL_PCD_Start
                0x0800341c       0x2e build/stm32g0xx_hal_pcd.o
                0x0800341c                HAL_PCD_Start
 *fill*         0x0800344a        0x2 
 .text.HAL_PCD_EP_DB_Transmit
                0x0800344c      0x42c build/stm32g0xx_hal_pcd.o
 .text.PCD_EP_ISR_Handler
                0x08003878      0x4f8 build/stm32g0xx_hal_pcd.o
 .text.HAL_PCD_SetAddress
                0x08003d70       0x2a build/stm32g0xx_hal_pcd.o
                0x08003d70                HAL_PCD_SetAddress
 *fill*         0x08003d9a        0x2 
 .text.HAL_PCD_IRQHandler
                0x08003d9c      0x170 build/stm32g0xx_hal_pcd.o
                0x08003d9c                HAL_PCD_IRQHandler
 .text.HAL_PCD_EP_Open
                0x08003f0c       0x84 build/stm32g0xx_hal_pcd.o
                0x08003f0c                HAL_PCD_EP_Open
 .text.HAL_PCD_EP_Close
                0x08003f90       0x72 build/stm32g0xx_hal_pcd.o
                0x08003f90                HAL_PCD_EP_Close
 .text.HAL_PCD_EP_Receive
                0x08004002       0x4c build/stm32g0xx_hal_pcd.o
                0x08004002                HAL_PCD_EP_Receive
 .text.HAL_PCD_EP_GetRxCount
                0x0800404e       0x14 build/stm32g0xx_hal_pcd.o
                0x0800404e                HAL_PCD_EP_GetRxCount
 .text.HAL_PCD_EP_Transmit
                0x08004062       0x62 build/stm32g0xx_hal_pcd.o
                0x08004062                HAL_PCD_EP_Transmit
 .text.HAL_PCD_EP_SetStall
                0x080040c4       0x78 build/stm32g0xx_hal_pcd.o
                0x080040c4                HAL_PCD_EP_SetStall
 .text.HAL_PCD_EP_ClrStall
                0x0800413c       0x84 build/stm32g0xx_hal_pcd.o
                0x0800413c                HAL_PCD_EP_ClrStall
 .text.HAL_PCDEx_PMAConfig
                0x080041c0       0x3e build/stm32g0xx_hal_pcd_ex.o
                0x080041c0                HAL_PCDEx_PMAConfig
 .text.HAL_PCDEx_ActivateLPM
                0x080041fe       0x24 build/stm32g0xx_hal_pcd_ex.o
                0x080041fe                HAL_PCDEx_ActivateLPM
 *fill*         0x08004222        0x2 
 .text.USB_EnableGlobalInt
                0x08004224       0x10 build/stm32g0xx_ll_usb.o
                0x08004224                USB_EnableGlobalInt
 .text.USB_DisableGlobalInt
                0x08004234       0x10 build/stm32g0xx_ll_usb.o
                0x08004234                USB_DisableGlobalInt
 .text.USB_SetCurrentMode
                0x08004244       0x26 build/stm32g0xx_ll_usb.o
                0x08004244                USB_SetCurrentMode
 .text.USB_DevInit
                0x0800426a       0x28 build/stm32g0xx_ll_usb.o
                0x0800426a                USB_DevInit
 *fill*         0x08004292        0x2 
 .text.USB_ActivateEndpoint
                0x08004294      0x474 build/stm32g0xx_ll_usb.o
                0x08004294                USB_ActivateEndpoint
 .text.USB_DeactivateEndpoint
                0x08004708      0x154 build/stm32g0xx_ll_usb.o
                0x08004708                USB_DeactivateEndpoint
 .text.USB_EPSetStall
                0x0800485c       0x48 build/stm32g0xx_ll_usb.o
                0x0800485c                USB_EPSetStall
 .text.USB_EPClearStall
                0x080048a4       0x8c build/stm32g0xx_ll_usb.o
                0x080048a4                USB_EPClearStall
 .text.USB_SetDevAddress
                0x08004930        0xc build/stm32g0xx_ll_usb.o
                0x08004930                USB_SetDevAddress
 .text.USB_DevConnect
                0x0800493c        0xe build/stm32g0xx_ll_usb.o
                0x0800493c                USB_DevConnect
 .text.USB_ReadInterrupts
                0x0800494a        0x4 build/stm32g0xx_ll_usb.o
                0x0800494a                USB_ReadInterrupts
 *fill*         0x0800494e        0x2 
 .text.USB_WritePMA
                0x08004950       0x5c build/stm32g0xx_ll_usb.o
                0x08004950                USB_WritePMA
 .text.USB_EPStartXfer
                0x080049ac      0x5b0 build/stm32g0xx_ll_usb.o
                0x080049ac                USB_EPStartXfer
 .text.USB_ReadPMA
                0x08004f5c       0x58 build/stm32g0xx_ll_usb.o
                0x08004f5c                USB_ReadPMA
 .text.USBD_Init
                0x08004fb4       0x34 build/usbd_core.o
                0x08004fb4                USBD_Init
 .text.USBD_RegisterClass
                0x08004fe8       0x3c build/usbd_core.o
                0x08004fe8                USBD_RegisterClass
 .text.USBD_Start
                0x08005024        0x8 build/usbd_core.o
                0x08005024                USBD_Start
 .text.USBD_SetClassConfig
                0x0800502c       0x16 build/usbd_core.o
                0x0800502c                USBD_SetClassConfig
 .text.USBD_ClrClassConfig
                0x08005042       0x16 build/usbd_core.o
                0x08005042                USBD_ClrClassConfig
 .text.USBD_LL_SetupStage
                0x08005058       0x60 build/usbd_core.o
                0x08005058                USBD_LL_SetupStage
 .text.USBD_LL_Reset
                0x080050b8       0x72 build/usbd_core.o
                0x080050b8                USBD_LL_Reset
 .text.USBD_LL_SetSpeed
                0x0800512a        0x6 build/usbd_core.o
                0x0800512a                USBD_LL_SetSpeed
 .text.USBD_LL_Suspend
                0x08005130       0x28 build/usbd_core.o
                0x08005130                USBD_LL_Suspend
 .text.USBD_LL_Resume
                0x08005158       0x20 build/usbd_core.o
                0x08005158                USBD_LL_Resume
 .text.USBD_LL_SOF
                0x08005178       0x24 build/usbd_core.o
                0x08005178                USBD_LL_SOF
 .text.USBD_CoreFindIF
                0x0800519c        0x4 build/usbd_core.o
                0x0800519c                USBD_CoreFindIF
 .text.USBD_CoreFindEP
                0x080051a0        0x4 build/usbd_core.o
                0x080051a0                USBD_CoreFindEP
 .text.USBD_LL_DataOutStage
                0x080051a4       0xdc build/usbd_core.o
                0x080051a4                USBD_LL_DataOutStage
 .text.USBD_LL_DataInStage
                0x08005280       0xe6 build/usbd_core.o
                0x08005280                USBD_LL_DataInStage
 .text.USBD_GetNextDesc
                0x08005366        0xe build/usbd_core.o
                0x08005366                USBD_GetNextDesc
 .text.USBD_GetEpDesc
                0x08005374       0x4c build/usbd_core.o
                0x08005374                USBD_GetEpDesc
 .text.USBD_GetLen
                0x080053c0       0x14 build/usbd_ctlreq.o
 .text.USBD_ParseSetupRequest
                0x080053d4       0x28 build/usbd_ctlreq.o
                0x080053d4                USBD_ParseSetupRequest
 .text.USBD_CtlError
                0x080053fc       0x14 build/usbd_ctlreq.o
                0x080053fc                USBD_CtlError
 .text.USBD_GetDescriptor
                0x08005410      0x1f0 build/usbd_ctlreq.o
 .text.USBD_SetAddress
                0x08005600       0x60 build/usbd_ctlreq.o
 .text.USBD_SetConfig
                0x08005660       0xdc build/usbd_ctlreq.o
 .text.USBD_GetConfig
                0x0800573c       0x42 build/usbd_ctlreq.o
 .text.USBD_GetStatus
                0x0800577e       0x3e build/usbd_ctlreq.o
 .text.USBD_SetFeature
                0x080057bc       0x30 build/usbd_ctlreq.o
 .text.USBD_ClrFeature
                0x080057ec       0x2a build/usbd_ctlreq.o
 *fill*         0x08005816        0x2 
 .text.USBD_StdDevReq
                0x08005818       0x78 build/usbd_ctlreq.o
                0x08005818                USBD_StdDevReq
 .text.USBD_StdItfReq
                0x08005890       0x8e build/usbd_ctlreq.o
                0x08005890                USBD_StdItfReq
 .text.USBD_StdEPReq
                0x0800591e      0x252 build/usbd_ctlreq.o
                0x0800591e                USBD_StdEPReq
 .text.USBD_GetString
                0x08005b70       0x3c build/usbd_ctlreq.o
                0x08005b70                USBD_GetString
 .text.USBD_CtlSendData
                0x08005bac       0x1c build/usbd_ioreq.o
                0x08005bac                USBD_CtlSendData
 .text.USBD_CtlContinueSendData
                0x08005bc8       0x10 build/usbd_ioreq.o
                0x08005bc8                USBD_CtlContinueSendData
 .text.USBD_CtlPrepareRx
                0x08005bd8       0x22 build/usbd_ioreq.o
                0x08005bd8                USBD_CtlPrepareRx
 .text.USBD_CtlContinueRx
                0x08005bfa       0x10 build/usbd_ioreq.o
                0x08005bfa                USBD_CtlContinueRx
 .text.USBD_CtlSendStatus
                0x08005c0a       0x18 build/usbd_ioreq.o
                0x08005c0a                USBD_CtlSendStatus
 .text.USBD_CtlReceiveStatus
                0x08005c22       0x18 build/usbd_ioreq.o
                0x08005c22                USBD_CtlReceiveStatus
 *fill*         0x08005c3a        0x2 
 .text.USBD_CDC_EP0_RxReady
                0x08005c3c       0x4c build/usbd_cdc.o
 .text.USBD_CDC_GetDeviceQualifierDescriptor
                0x08005c88        0xc build/usbd_cdc.o
                0x08005c88                USBD_CDC_GetDeviceQualifierDescriptor
 .text.USBD_CDC_GetOtherSpeedCfgDesc
                0x08005c94       0x50 build/usbd_cdc.o
 .text.USBD_CDC_GetFSCfgDesc
                0x08005ce4       0x50 build/usbd_cdc.o
 .text.USBD_CDC_GetHSCfgDesc
                0x08005d34       0x50 build/usbd_cdc.o
 .text.USBD_CDC_DataOut
                0x08005d84       0x40 build/usbd_cdc.o
 .text.USBD_CDC_DataIn
                0x08005dc4       0x8c build/usbd_cdc.o
 .text.USBD_CDC_Setup
                0x08005e50      0x130 build/usbd_cdc.o
 .text.USBD_CDC_DeInit
                0x08005f80       0x6e build/usbd_cdc.o
 .text.USBD_CDC_Init
                0x08005fee      0x104 build/usbd_cdc.o
 .text.USBD_CDC_RegisterInterface
                0x080060f2       0x1a build/usbd_cdc.o
                0x080060f2                USBD_CDC_RegisterInterface
 .text.USBD_CDC_SetTxBuffer
                0x0800610c       0x24 build/usbd_cdc.o
                0x0800610c                USBD_CDC_SetTxBuffer
 .text.USBD_CDC_SetRxBuffer
                0x08006130       0x1e build/usbd_cdc.o
                0x08006130                USBD_CDC_SetRxBuffer
 .text.USBD_CDC_TransmitPacket
                0x0800614e       0x44 build/usbd_cdc.o
                0x0800614e                USBD_CDC_TransmitPacket
 .text.USBD_CDC_ReceivePacket
                0x08006192       0x44 build/usbd_cdc.o
                0x08006192                USBD_CDC_ReceivePacket
 *fill*         0x080061d6        0x2 
 .text.Reset_Handler
                0x080061d8       0x50 build/startup_stm32g0b1xx.o
                0x080061d8                Reset_Handler
 .text.Default_Handler
                0x08006228        0x2 build/startup_stm32g0b1xx.o
                0x08006228                I2C2_3_IRQHandler
                0x08006228                USART3_4_5_6_LPUART1_IRQHandler
                0x08006228                TIM1_CC_IRQHandler
                0x08006228                ADC1_COMP_IRQHandler
                0x08006228                I2C1_IRQHandler
                0x08006228                TIM7_LPTIM2_IRQHandler
                0x08006228                TIM17_FDCAN_IT1_IRQHandler
                0x08006228                DMA1_Ch4_7_DMA2_Ch1_5_DMAMUX1_OVR_IRQHandler
                0x08006228                RCC_CRS_IRQHandler
                0x08006228                RTC_TAMP_IRQHandler
                0x08006228                SPI1_IRQHandler
                0x08006228                EXTI2_3_IRQHandler
                0x08006228                USART2_LPUART2_IRQHandler
                0x08006228                PVD_VDDIO2_IRQHandler
                0x08006228                EXTI4_15_IRQHandler
                0x08006228                DMA1_Channel1_IRQHandler
                0x08006228                Default_Handler
                0x08006228                CEC_IRQHandler
                0x08006228                TIM14_IRQHandler
                0x08006228                TIM15_IRQHandler
                0x08006228                TIM3_TIM4_IRQHandler
                0x08006228                EXTI0_1_IRQHandler
                0x08006228                SPI2_3_IRQHandler
                0x08006228                TIM6_DAC_LPTIM1_IRQHandler
                0x08006228                WWDG_IRQHandler
                0x08006228                TIM2_IRQHandler
                0x08006228                DMA1_Channel2_3_IRQHandler
                0x08006228                FLASH_IRQHandler
                0x08006228                TIM16_FDCAN_IT0_IRQHandler
                0x08006228                TIM1_BRK_UP_TRG_COM_IRQHandler
 *(.glue_7)
 .glue_7        0x0800622a        0x0 linker stubs
 *(.glue_7t)
 .glue_7t       0x0800622a        0x0 linker stubs
 *(.eh_frame)
 *fill*         0x0800622a        0x2 
 .eh_frame      0x0800622c        0x0 /usr/lib/gcc/arm-none-eabi/13.2.1/thumb/v6-m/nofp/crtbegin.o
 *(.init)
 .init          0x0800622c        0x4 /usr/lib/gcc/arm-none-eabi/13.2.1/thumb/v6-m/nofp/crti.o
                0x0800622c                _init
 .init          0x08006230        0x8 /usr/lib/gcc/arm-none-eabi/13.2.1/thumb/v6-m/nofp/crtn.o
 *(.fini)
 .fini          0x08006238        0x4 /usr/lib/gcc/arm-none-eabi/13.2.1/thumb/v6-m/nofp/crti.o
                0x08006238                _fini
 .fini          0x0800623c        0x8 /usr/lib/gcc/arm-none-eabi/13.2.1/thumb/v6-m/nofp/crtn.o
                0x08006244                        . = ALIGN (0x4)
                0x08006244                        _etext = .

.vfp11_veneer   0x08006244        0x0
 .vfp11_veneer  0x08006244        0x0 linker stubs

.v4_bx          0x08006244        0x0
 .v4_bx         0x08006244        0x0 linker stubs

.iplt           0x08006244        0x0
 .iplt          0x08006244        0x0 /usr/lib/gcc/arm-none-eabi/13.2.1/thumb/v6-m/nofp/crtbegin.o

.rodata         0x08006244      0x150
                0x08006244                        . = ALIGN (0x4)
 *(.rodata)
 *(.rodata*)
 .rodata.UARTPrescTable
                0x08006244       0x18 build/stm32g0xx_hal_uart.o
                0x08006244                UARTPrescTable
 .rodata.denominator.0
                0x0800625c        0x8 build/stm32g0xx_hal_uart_ex.o
 .rodata.numerator.1
                0x08006264        0x8 build/stm32g0xx_hal_uart_ex.o
 .rodata.APBPrescTable
                0x0800626c       0x20 build/system_stm32g0xx.o
                0x0800626c                APBPrescTable
 .rodata.AHBPrescTable
                0x0800628c       0x40 build/system_stm32g0xx.o
                0x0800628c                AHBPrescTable
 .rodata.USBD_CDC_ProductStrDescriptor.str1.4
                0x080062cc       0x46 build/usbd_desc.o
                                 0x16 (size before relaxing)
 .rodata.USBD_CDC_ManufacturerStrDescriptor.str1.4
                0x08006312       0x13 build/usbd_desc.o
 .rodata.USBD_CDC_ConfigStrDescriptor.str1.4
                0x08006312        0xb build/usbd_desc.o
 .rodata.USBD_CDC_InterfaceStrDescriptor.str1.4
                0x08006312        0xe build/usbd_desc.o
 *fill*         0x08006312        0x2 
 .rodata.USBD_GetDescriptor
                0x08006314       0x58 build/usbd_ctlreq.o
 .rodata.USBD_StdDevReq
                0x0800636c       0x28 build/usbd_ctlreq.o
                0x08006394                        . = ALIGN (0x4)

.ARM.extab      0x08006394        0x0
                0x08006394                        . = ALIGN (0x4)
 *(.ARM.extab* .gnu.linkonce.armextab.*)
                0x08006394                        . = ALIGN (0x4)

.ARM            0x08006394        0x8
                0x08006394                        . = ALIGN (0x4)
                0x08006394                        __exidx_start = .
 *(.ARM.exidx*)
 .ARM.exidx     0x08006394        0x8 /usr/lib/gcc/arm-none-eabi/13.2.1/thumb/v6-m/nofp/libgcc.a(_udivmoddi4.o)
                0x0800639c                        __exidx_end = .
                0x0800639c                        . = ALIGN (0x4)

.preinit_array  0x0800639c        0x0
                0x0800639c                        . = ALIGN (0x4)
                0x0800639c                        PROVIDE (__preinit_array_start = .)
 *(.preinit_array*)
                0x0800639c                        PROVIDE (__preinit_array_end = .)
                0x0800639c                        . = ALIGN (0x4)

.init_array     0x0800639c        0x4
                0x0800639c                        . = ALIGN (0x4)
                0x0800639c                        PROVIDE (__init_array_start = .)
 *(SORT_BY_NAME(.init_array.*))
 *(.init_array*)
 .init_array    0x0800639c        0x4 /usr/lib/gcc/arm-none-eabi/13.2.1/thumb/v6-m/nofp/crtbegin.o
                0x080063a0                        PROVIDE (__init_array_end = .)
                0x080063a0                        . = ALIGN (0x4)

.fini_array     0x080063a0        0x4
                0x080063a0                        . = ALIGN (0x4)
                0x080063a0                        PROVIDE (__fini_array_start = .)
 *(SORT_BY_NAME(.fini_array.*))
 *(.fini_array*)
 .fini_array    0x080063a0        0x4 /usr/lib/gcc/arm-none-eabi/13.2.1/thumb/v6-m/nofp/crtbegin.o
                0x080063a4                        PROVIDE (__fini_array_end = .)
                0x080063a4                        . = ALIGN (0x4)
                0x080063a4                        _sidata = LOADADDR (.data)

.rel.dyn        0x080063a4        0x0
 .rel.iplt      0x080063a4        0x0 /usr/lib/gcc/arm-none-eabi/13.2.1/thumb/v6-m/nofp/crtbegin.o

.data           0x20000000       0xfc load address 0x080063a4
                0x20000000                        . = ALIGN (0x4)
                0x20000000                        _sdata = .
 *(.data)
 *(.data*)
 .data.servo_id
                0x20000000        0x1 build/servo.o
 .data.uwTickFreq
                0x20000001        0x1 build/stm32g0xx_hal.o
                0x20000001                uwTickFreq
 *fill*         0x20000002        0x2 
 .data.uwTickPrio
                0x20000004        0x4 build/stm32g0xx_hal.o
                0x20000004                uwTickPrio
 .data.SystemCoreClock
                0x20000008        0x4 build/system_stm32g0xx.o
                0x20000008                SystemCoreClock
 .data.USBD_StringSerial
                0x2000000c       0x1a build/usbd_desc.o
                0x2000000c                USBD_StringSerial
 *fill*         0x20000026        0x2 
 .data.USBD_LangIDDesc
                0x20000028        0x4 build/usbd_desc.o
                0x20000028                USBD_LangIDDesc
 .data.USBD_CDC_DeviceDesc
                0x2000002c       0x12 build/usbd_desc.o
                0x2000002c                USBD_CDC_DeviceDesc
 *fill*         0x2000003e        0x2 
 .data.CDC_Desc
                0x20000040       0x20 build/usbd_desc.o
                0x20000040                CDC_Desc
 .data.USBD_Interface_fops_FS
                0x20000060       0x14 build/usbd_cdc_if.o
                0x20000060                USBD_Interface_fops_FS
 .data.USBD_CDC_CfgDesc
                0x20000074       0x43 build/usbd_cdc.o
 *fill*         0x200000b7        0x1 
 .data.USBD_CDC
                0x200000b8       0x38 build/usbd_cdc.o
                0x200000b8                USBD_CDC
 .data.USBD_CDC_DeviceQualifierDesc
                0x200000f0        0xa build/usbd_cdc.o
 *(.RamFunc)
 *(.RamFunc*)
                0x200000fc                        . = ALIGN (0x4)
 *fill*         0x200000fa        0x2 
                0x200000fc                        _edata = .

.tm_clone_table
                0x200000fc        0x0 load address 0x080064a0
 .tm_clone_table
                0x200000fc        0x0 /usr/lib/gcc/arm-none-eabi/13.2.1/thumb/v6-m/nofp/crtbegin.o
 .tm_clone_table
                0x200000fc        0x0 /usr/lib/gcc/arm-none-eabi/13.2.1/thumb/v6-m/nofp/crtend.o

.igot.plt       0x200000fc        0x0 load address 0x080064a0
 .igot.plt      0x200000fc        0x0 /usr/lib/gcc/arm-none-eabi/13.2.1/thumb/v6-m/nofp/crtbegin.o
                0x200000fc                        . = ALIGN (0x4)

.bss            0x200000fc     0x1ae4 load address 0x080064a0
                0x200000fc                        _sbss = .
                0x200000fc                        __bss_start__ = _sbss
 *(.bss)
 .bss           0x200000fc       0x1c /usr/lib/gcc/arm-none-eabi/13.2.1/thumb/v6-m/nofp/crtbegin.o
 *(.bss*)
 .bss.position_offset
                0x20000118        0x2 build/main.o
 *fill*         0x2000011a        0x2 
 .bss.huart1    0x2000011c       0x94 build/main.o
                0x2000011c                huart1
 .bss.htim1     0x200001b0       0x4c build/main.o
                0x200001b0                htim1
 .bss.uwTick    0x200001fc        0x4 build/stm32g0xx_hal.o
                0x200001fc                uwTick
 .bss.hUsbDeviceFS
                0x20000200      0x2dc build/usb_device.o
                0x20000200                hUsbDeviceFS
 .bss.USBD_StrDesc
                0x200004dc      0x200 build/usbd_desc.o
                0x200004dc                USBD_StrDesc
 .bss.UserTxBufferFS
                0x200006dc      0x800 build/usbd_cdc_if.o
                0x200006dc                UserTxBufferFS
 .bss.UserRxBufferFS
                0x20000edc      0x800 build/usbd_cdc_if.o
                0x20000edc                UserRxBufferFS
 .bss.mem.0     0x200016dc      0x220 build/usbd_conf.o
 .bss.hpcd_USB_DRD_FS
                0x200018fc      0x2e0 build/usbd_conf.o
                0x200018fc                hpcd_USB_DRD_FS
 .bss.cfgidx.0  0x20001bdc        0x1 build/usbd_ctlreq.o
 *(COMMON)
                0x20001be0                        . = ALIGN (0x4)
 *fill*         0x20001bdd        0x3 
                0x20001be0                        _ebss = .
                0x20001be0                        __bss_end__ = _ebss

._user_heap_stack
                0x20001be0      0x600 load address 0x080064a0
                0x20001be0                        . = ALIGN (0x8)
                [!provide]                        PROVIDE (end = .)
                0x20001be0                        PROVIDE (_end = .)
                0x20001de0                        . = (. + _Min_Heap_Size)
 *fill*         0x20001be0      0x200 
                0x200021e0                        . = (. + _Min_Stack_Size)
 *fill*         0x20001de0      0x400 
                0x200021e0                        . = ALIGN (0x8)

/DISCARD/
 libc.a(*)
 libm.a(*)
 libgcc.a(*)
OUTPUT(build/fisheye_rotation.elf elf32-littlearm)
LOAD linker stubs
LOAD /usr/lib/gcc/arm-none-eabi/13.2.1/../../../arm-none-eabi/lib/thumb/v6-m/nofp/libc.a
LOAD /usr/lib/gcc/arm-none-eabi/13.2.1/../../../arm-none-eabi/lib/thumb/v6-m/nofp/libm.a
LOAD /usr/lib/gcc/arm-none-eabi/13.2.1/thumb/v6-m/nofp/libgcc.a

.ARM.attributes
                0x00000000       0x28
 .ARM.attributes
                0x00000000       0x1e /usr/lib/gcc/arm-none-eabi/13.2.1/thumb/v6-m/nofp/crti.o
 .ARM.attributes
                0x0000001e       0x2c /usr/lib/gcc/arm-none-eabi/13.2.1/thumb/v6-m/nofp/crtbegin.o
 .ARM.attributes
                0x0000004a       0x2c build/main.o
 .ARM.attributes
                0x00000076       0x2c build/servo.o
 .ARM.attributes
                0x000000a2       0x2c build/stm32g0xx_it.o
 .ARM.attributes
                0x000000ce       0x2c build/stm32g0xx_hal_msp.o
 .ARM.attributes
                0x000000fa       0x2c build/stm32g0xx_hal_tim.o
 .ARM.attributes
                0x00000126       0x2c build/stm32g0xx_hal_tim_ex.o
 .ARM.attributes
                0x00000152       0x2c build/stm32g0xx_hal_rcc.o
 .ARM.attributes
                0x0000017e       0x2c build/stm32g0xx_hal_rcc_ex.o
 .ARM.attributes
                0x000001aa       0x2c build/stm32g0xx_hal_gpio.o
 .ARM.attributes
                0x000001d6       0x2c build/stm32g0xx_hal_dma.o
 .ARM.attributes
                0x00000202       0x2c build/stm32g0xx_hal_pwr_ex.o
 .ARM.attributes
                0x0000022e       0x2c build/stm32g0xx_hal_cortex.o
 .ARM.attributes
                0x0000025a       0x2c build/stm32g0xx_hal.o
 .ARM.attributes
                0x00000286       0x2c build/stm32g0xx_hal_uart.o
 .ARM.attributes
                0x000002b2       0x2c build/stm32g0xx_hal_uart_ex.o
 .ARM.attributes
                0x000002de       0x2c build/system_stm32g0xx.o
 .ARM.attributes
                0x0000030a       0x2c build/usb_device.o
 .ARM.attributes
                0x00000336       0x2c build/usbd_desc.o
 .ARM.attributes
                0x00000362       0x2c build/usbd_cdc_if.o
 .ARM.attributes
                0x0000038e       0x2c build/usbd_conf.o
 .ARM.attributes
                0x000003ba       0x2c build/stm32g0xx_hal_pcd.o
 .ARM.attributes
                0x000003e6       0x2c build/stm32g0xx_hal_pcd_ex.o
 .ARM.attributes
                0x00000412       0x2c build/stm32g0xx_ll_usb.o
 .ARM.attributes
                0x0000043e       0x2c build/usbd_core.o
 .ARM.attributes
                0x0000046a       0x2c build/usbd_ctlreq.o
 .ARM.attributes
                0x00000496       0x2c build/usbd_ioreq.o
 .ARM.attributes
                0x000004c2       0x2c build/usbd_cdc.o
 .ARM.attributes
                0x000004ee       0x22 build/startup_stm32g0b1xx.o
 .ARM.attributes
                0x00000510       0x2c /usr/lib/gcc/arm-none-eabi/13.2.1/../../../arm-none-eabi/lib/thumb/v6-m/nofp/libc_nano.a(libc_a-init.o)
 .ARM.attributes
                0x0000053c       0x2c /usr/lib/gcc/arm-none-eabi/13.2.1/../../../arm-none-eabi/lib/thumb/v6-m/nofp/libc_nano.a(libc_a-memset.o)
 .ARM.attributes
                0x00000568       0x2c /usr/lib/gcc/arm-none-eabi/13.2.1/../../../arm-none-eabi/lib/thumb/v6-m/nofp/libc_nano.a(libc_a-memcpy-stub.o)
 .ARM.attributes
                0x00000594       0x1e /usr/lib/gcc/arm-none-eabi/13.2.1/thumb/v6-m/nofp/libgcc.a(_udivsi3.o)
 .ARM.attributes
                0x000005b2       0x1e /usr/lib/gcc/arm-none-eabi/13.2.1/thumb/v6-m/nofp/libgcc.a(_divsi3.o)
 .ARM.attributes
                0x000005d0       0x1e /usr/lib/gcc/arm-none-eabi/13.2.1/thumb/v6-m/nofp/libgcc.a(_dvmd_tls.o)
 .ARM.attributes
                0x000005ee       0x1e /usr/lib/gcc/arm-none-eabi/13.2.1/thumb/v6-m/nofp/libgcc.a(_aeabi_uldivmod.o)
 .ARM.attributes
                0x0000060c       0x2c /usr/lib/gcc/arm-none-eabi/13.2.1/thumb/v6-m/nofp/libgcc.a(_udivmoddi4.o)
 .ARM.attributes
                0x00000638       0x1e /usr/lib/gcc/arm-none-eabi/13.2.1/thumb/v6-m/nofp/libgcc.a(_clzdi2.o)
 .ARM.attributes
                0x00000656       0x1e /usr/lib/gcc/arm-none-eabi/13.2.1/thumb/v6-m/nofp/libgcc.a(_clzsi2.o)
 .ARM.attributes
                0x00000674       0x2c /usr/lib/gcc/arm-none-eabi/13.2.1/thumb/v6-m/nofp/crtend.o
 .ARM.attributes
                0x000006a0       0x1e /usr/lib/gcc/arm-none-eabi/13.2.1/thumb/v6-m/nofp/crtn.o

.comment        0x00000000       0x26
 .comment       0x00000000       0x26 /usr/lib/gcc/arm-none-eabi/13.2.1/thumb/v6-m/nofp/crtbegin.o
                                 0x27 (size before relaxing)
 .comment       0x00000026       0x27 build/main.o
 .comment       0x00000026       0x27 build/servo.o
 .comment       0x00000026       0x27 build/stm32g0xx_it.o
 .comment       0x00000026       0x27 build/stm32g0xx_hal_msp.o
 .comment       0x00000026       0x27 build/stm32g0xx_hal_tim.o
 .comment       0x00000026       0x27 build/stm32g0xx_hal_tim_ex.o
 .comment       0x00000026       0x27 build/stm32g0xx_hal_rcc.o
 .comment       0x00000026       0x27 build/stm32g0xx_hal_rcc_ex.o
 .comment       0x00000026       0x27 build/stm32g0xx_hal_gpio.o
 .comment       0x00000026       0x27 build/stm32g0xx_hal_dma.o
 .comment       0x00000026       0x27 build/stm32g0xx_hal_pwr_ex.o
 .comment       0x00000026       0x27 build/stm32g0xx_hal_cortex.o
 .comment       0x00000026       0x27 build/stm32g0xx_hal.o
 .comment       0x00000026       0x27 build/stm32g0xx_hal_uart.o
 .comment       0x00000026       0x27 build/stm32g0xx_hal_uart_ex.o
 .comment       0x00000026       0x27 build/system_stm32g0xx.o
 .comment       0x00000026       0x27 build/usb_device.o
 .comment       0x00000026       0x27 build/usbd_desc.o
 .comment       0x00000026       0x27 build/usbd_cdc_if.o
 .comment       0x00000026       0x27 build/usbd_conf.o
 .comment       0x00000026       0x27 build/stm32g0xx_hal_pcd.o
 .comment       0x00000026       0x27 build/stm32g0xx_hal_pcd_ex.o
 .comment       0x00000026       0x27 build/stm32g0xx_ll_usb.o
 .comment       0x00000026       0x27 build/usbd_core.o
 .comment       0x00000026       0x27 build/usbd_ctlreq.o
 .comment       0x00000026       0x27 build/usbd_ioreq.o
 .comment       0x00000026       0x27 build/usbd_cdc.o
 .comment       0x00000026       0x27 /usr/lib/gcc/arm-none-eabi/13.2.1/../../../arm-none-eabi/lib/thumb/v6-m/nofp/libc_nano.a(libc_a-init.o)
 .comment       0x00000026       0x27 /usr/lib/gcc/arm-none-eabi/13.2.1/../../../arm-none-eabi/lib/thumb/v6-m/nofp/libc_nano.a(libc_a-memset.o)
 .comment       0x00000026       0x27 /usr/lib/gcc/arm-none-eabi/13.2.1/../../../arm-none-eabi/lib/thumb/v6-m/nofp/libc_nano.a(libc_a-memcpy-stub.o)
 .comment       0x00000026       0x27 /usr/lib/gcc/arm-none-eabi/13.2.1/thumb/v6-m/nofp/libgcc.a(_udivmoddi4.o)
 .comment       0x00000026       0x27 /usr/lib/gcc/arm-none-eabi/13.2.1/thumb/v6-m/nofp/crtend.o

.debug_info     0x00000000    0x255d3
 .debug_info    0x00000000     0x1813 build/main.o
 .debug_info    0x00001813      0xdd7 build/servo.o
 .debug_info    0x000025ea      0xe66 build/stm32g0xx_it.o
 .debug_info    0x00003450     0x155e build/stm32g0xx_hal_msp.o
 .debug_info    0x000049ae     0x44a6 build/stm32g0xx_hal_tim.o
 .debug_info    0x00008e54     0x2238 build/stm32g0xx_hal_tim_ex.o
 .debug_info    0x0000b08c      0xf94 build/stm32g0xx_hal_rcc.o
 .debug_info    0x0000c020      0xe40 build/stm32g0xx_hal_rcc_ex.o
 .debug_info    0x0000ce60      0x6f5 build/stm32g0xx_hal_gpio.o
 .debug_info    0x0000d555      0xb35 build/stm32g0xx_hal_dma.o
 .debug_info    0x0000e08a      0xa97 build/stm32g0xx_hal_pwr_ex.o
 .debug_info    0x0000eb21      0xb5d build/stm32g0xx_hal_cortex.o
 .debug_info    0x0000f67e      0xd19 build/stm32g0xx_hal.o
 .debug_info    0x00010397     0x66d4 build/stm32g0xx_hal_uart.o
 .debug_info    0x00016a6b     0x1418 build/stm32g0xx_hal_uart_ex.o
 .debug_info    0x00017e83      0x3bc build/system_stm32g0xx.o
 .debug_info    0x0001823f      0x8a2 build/usb_device.o
 .debug_info    0x00018ae1      0x679 build/usbd_desc.o
 .debug_info    0x0001915a      0xb49 build/usbd_cdc_if.o
 .debug_info    0x00019ca3     0x22f0 build/usbd_conf.o
 .debug_info    0x0001bf93     0x1d0c build/stm32g0xx_hal_pcd.o
 .debug_info    0x0001dc9f      0x9f9 build/stm32g0xx_hal_pcd_ex.o
 .debug_info    0x0001e698     0x1847 build/stm32g0xx_ll_usb.o
 .debug_info    0x0001fedf     0x148a build/usbd_core.o
 .debug_info    0x00021369     0x1628 build/usbd_ctlreq.o
 .debug_info    0x00022991      0xa33 build/usbd_ioreq.o
 .debug_info    0x000233c4     0x196c build/usbd_cdc.o
 .debug_info    0x00024d30       0x30 build/startup_stm32g0b1xx.o
 .debug_info    0x00024d60      0x10b /usr/lib/gcc/arm-none-eabi/13.2.1/../../../arm-none-eabi/lib/thumb/v6-m/nofp/libc_nano.a(libc_a-init.o)
 .debug_info    0x00024e6b      0x135 /usr/lib/gcc/arm-none-eabi/13.2.1/../../../arm-none-eabi/lib/thumb/v6-m/nofp/libc_nano.a(libc_a-memset.o)
 .debug_info    0x00024fa0      0x152 /usr/lib/gcc/arm-none-eabi/13.2.1/../../../arm-none-eabi/lib/thumb/v6-m/nofp/libc_nano.a(libc_a-memcpy-stub.o)
 .debug_info    0x000250f2       0x3e /usr/lib/gcc/arm-none-eabi/13.2.1/thumb/v6-m/nofp/libgcc.a(_udivsi3.o)
 .debug_info    0x00025130       0x3e /usr/lib/gcc/arm-none-eabi/13.2.1/thumb/v6-m/nofp/libgcc.a(_divsi3.o)
 .debug_info    0x0002516e       0x3c /usr/lib/gcc/arm-none-eabi/13.2.1/thumb/v6-m/nofp/libgcc.a(_dvmd_tls.o)
 .debug_info    0x000251aa       0x31 /usr/lib/gcc/arm-none-eabi/13.2.1/thumb/v6-m/nofp/libgcc.a(_aeabi_uldivmod.o)
 .debug_info    0x000251db      0x3a3 /usr/lib/gcc/arm-none-eabi/13.2.1/thumb/v6-m/nofp/libgcc.a(_udivmoddi4.o)
 .debug_info    0x0002557e       0x24 /usr/lib/gcc/arm-none-eabi/13.2.1/thumb/v6-m/nofp/libgcc.a(_clzdi2.o)
 .debug_info    0x000255a2       0x31 /usr/lib/gcc/arm-none-eabi/13.2.1/thumb/v6-m/nofp/libgcc.a(_clzsi2.o)

.debug_abbrev   0x00000000     0x4e22
 .debug_abbrev  0x00000000      0x344 build/main.o
 .debug_abbrev  0x00000344      0x288 build/servo.o
 .debug_abbrev  0x000005cc      0x1b5 build/stm32g0xx_it.o
 .debug_abbrev  0x00000781      0x254 build/stm32g0xx_hal_msp.o
 .debug_abbrev  0x000009d5      0x2d9 build/stm32g0xx_hal_tim.o
 .debug_abbrev  0x00000cae      0x2c3 build/stm32g0xx_hal_tim_ex.o
 .debug_abbrev  0x00000f71      0x30c build/stm32g0xx_hal_rcc.o
 .debug_abbrev  0x0000127d      0x2ca build/stm32g0xx_hal_rcc_ex.o
 .debug_abbrev  0x00001547      0x237 build/stm32g0xx_hal_gpio.o
 .debug_abbrev  0x0000177e      0x276 build/stm32g0xx_hal_dma.o
 .debug_abbrev  0x000019f4      0x28d build/stm32g0xx_hal_pwr_ex.o
 .debug_abbrev  0x00001c81      0x32e build/stm32g0xx_hal_cortex.o
 .debug_abbrev  0x00001faf      0x2aa build/stm32g0xx_hal.o
 .debug_abbrev  0x00002259      0x3a6 build/stm32g0xx_hal_uart.o
 .debug_abbrev  0x000025ff      0x365 build/stm32g0xx_hal_uart_ex.o
 .debug_abbrev  0x00002964      0x145 build/system_stm32g0xx.o
 .debug_abbrev  0x00002aa9      0x1b4 build/usb_device.o
 .debug_abbrev  0x00002c5d      0x263 build/usbd_desc.o
 .debug_abbrev  0x00002ec0      0x314 build/usbd_cdc_if.o
 .debug_abbrev  0x000031d4      0x39f build/usbd_conf.o
 .debug_abbrev  0x00003573      0x352 build/stm32g0xx_hal_pcd.o
 .debug_abbrev  0x000038c5      0x290 build/stm32g0xx_hal_pcd_ex.o
 .debug_abbrev  0x00003b55      0x304 build/stm32g0xx_ll_usb.o
 .debug_abbrev  0x00003e59      0x304 build/usbd_core.o
 .debug_abbrev  0x0000415d      0x371 build/usbd_ctlreq.o
 .debug_abbrev  0x000044ce      0x1ad build/usbd_ioreq.o
 .debug_abbrev  0x0000467b      0x346 build/usbd_cdc.o
 .debug_abbrev  0x000049c1       0x1d build/startup_stm32g0b1xx.o
 .debug_abbrev  0x000049de       0xc9 /usr/lib/gcc/arm-none-eabi/13.2.1/../../../arm-none-eabi/lib/thumb/v6-m/nofp/libc_nano.a(libc_a-init.o)
 .debug_abbrev  0x00004aa7       0xb7 /usr/lib/gcc/arm-none-eabi/13.2.1/../../../arm-none-eabi/lib/thumb/v6-m/nofp/libc_nano.a(libc_a-memset.o)
 .debug_abbrev  0x00004b5e       0xca /usr/lib/gcc/arm-none-eabi/13.2.1/../../../arm-none-eabi/lib/thumb/v6-m/nofp/libc_nano.a(libc_a-memcpy-stub.o)
 .debug_abbrev  0x00004c28       0x28 /usr/lib/gcc/arm-none-eabi/13.2.1/thumb/v6-m/nofp/libgcc.a(_udivsi3.o)
 .debug_abbrev  0x00004c50       0x28 /usr/lib/gcc/arm-none-eabi/13.2.1/thumb/v6-m/nofp/libgcc.a(_divsi3.o)
 .debug_abbrev  0x00004c78       0x26 /usr/lib/gcc/arm-none-eabi/13.2.1/thumb/v6-m/nofp/libgcc.a(_dvmd_tls.o)
 .debug_abbrev  0x00004c9e       0x28 /usr/lib/gcc/arm-none-eabi/13.2.1/thumb/v6-m/nofp/libgcc.a(_aeabi_uldivmod.o)
 .debug_abbrev  0x00004cc6      0x120 /usr/lib/gcc/arm-none-eabi/13.2.1/thumb/v6-m/nofp/libgcc.a(_udivmoddi4.o)
 .debug_abbrev  0x00004de6       0x14 /usr/lib/gcc/arm-none-eabi/13.2.1/thumb/v6-m/nofp/libgcc.a(_clzdi2.o)
 .debug_abbrev  0x00004dfa       0x28 /usr/lib/gcc/arm-none-eabi/13.2.1/thumb/v6-m/nofp/libgcc.a(_clzsi2.o)

.debug_loc      0x00000000    0x1cc81
 .debug_loc     0x00000000      0x335 build/main.o
 .debug_loc     0x00000335      0x63f build/servo.o
 .debug_loc     0x00000974       0x60 build/stm32g0xx_it.o
 .debug_loc     0x000009d4      0x17e build/stm32g0xx_hal_msp.o
 .debug_loc     0x00000b52     0x6ab3 build/stm32g0xx_hal_tim.o
 .debug_loc     0x00007605     0x30ba build/stm32g0xx_hal_tim_ex.o
 .debug_loc     0x0000a6bf      0x92c build/stm32g0xx_hal_rcc.o
 .debug_loc     0x0000afeb     0x11cf build/stm32g0xx_hal_rcc_ex.o
 .debug_loc     0x0000c1ba      0x49e build/stm32g0xx_hal_gpio.o
 .debug_loc     0x0000c658      0xbae build/stm32g0xx_hal_dma.o
 .debug_loc     0x0000d206      0x480 build/stm32g0xx_hal_pwr_ex.o
 .debug_loc     0x0000d686      0x3ff build/stm32g0xx_hal_cortex.o
 .debug_loc     0x0000da85      0x2c4 build/stm32g0xx_hal.o
 .debug_loc     0x0000dd49     0x5321 build/stm32g0xx_hal_uart.o
 .debug_loc     0x0001306a      0xf10 build/stm32g0xx_hal_uart_ex.o
 .debug_loc     0x00013f7a       0xc9 build/system_stm32g0xx.o
 .debug_loc     0x00014043       0x20 build/usb_device.o
 .debug_loc     0x00014063      0x4c9 build/usbd_desc.o
 .debug_loc     0x0001452c      0x228 build/usbd_cdc_if.o
 .debug_loc     0x00014754     0x1235 build/usbd_conf.o
 .debug_loc     0x00015989     0x1893 build/stm32g0xx_hal_pcd.o
 .debug_loc     0x0001721c      0x350 build/stm32g0xx_hal_pcd_ex.o
 .debug_loc     0x0001756c     0x17f1 build/stm32g0xx_ll_usb.o
 .debug_loc     0x00018d5d     0x11cd build/usbd_core.o
 .debug_loc     0x00019f2a     0x1c45 build/usbd_ctlreq.o
 .debug_loc     0x0001bb6f      0x3f8 build/usbd_ioreq.o
 .debug_loc     0x0001bf67      0xd1a build/usbd_cdc.o

.debug_aranges  0x00000000     0x1710
 .debug_aranges
                0x00000000       0x50 build/main.o
 .debug_aranges
                0x00000050       0x48 build/servo.o
 .debug_aranges
                0x00000098       0x50 build/stm32g0xx_it.o
 .debug_aranges
                0x000000e8       0x40 build/stm32g0xx_hal_msp.o
 .debug_aranges
                0x00000128      0x3e0 build/stm32g0xx_hal_tim.o
 .debug_aranges
                0x00000508      0x198 build/stm32g0xx_hal_tim_ex.o
 .debug_aranges
                0x000006a0       0x98 build/stm32g0xx_hal_rcc.o
 .debug_aranges
                0x00000738       0x88 build/stm32g0xx_hal_rcc_ex.o
 .debug_aranges
                0x000007c0       0x60 build/stm32g0xx_hal_gpio.o
 .debug_aranges
                0x00000820       0x90 build/stm32g0xx_hal_dma.o
 .debug_aranges
                0x000008b0      0x128 build/stm32g0xx_hal_pwr_ex.o
 .debug_aranges
                0x000009d8       0xc0 build/stm32g0xx_hal_cortex.o
 .debug_aranges
                0x00000a98      0x130 build/stm32g0xx_hal.o
 .debug_aranges
                0x00000bc8      0x248 build/stm32g0xx_hal_uart.o
 .debug_aranges
                0x00000e10       0xa8 build/stm32g0xx_hal_uart_ex.o
 .debug_aranges
                0x00000eb8       0x28 build/system_stm32g0xx.o
 .debug_aranges
                0x00000ee0       0x20 build/usb_device.o
 .debug_aranges
                0x00000f00       0x60 build/usbd_desc.o
 .debug_aranges
                0x00000f60       0x48 build/usbd_cdc_if.o
 .debug_aranges
                0x00000fa8      0x120 build/usbd_conf.o
 .debug_aranges
                0x000010c8      0x150 build/stm32g0xx_hal_pcd.o
 .debug_aranges
                0x00001218       0x58 build/stm32g0xx_hal_pcd_ex.o
 .debug_aranges
                0x00001270       0xf8 build/stm32g0xx_ll_usb.o
 .debug_aranges
                0x00001368       0xd8 build/usbd_core.o
 .debug_aranges
                0x00001440       0x88 build/usbd_ctlreq.o
 .debug_aranges
                0x000014c8       0x50 build/usbd_ioreq.o
 .debug_aranges
                0x00001518       0x90 build/usbd_cdc.o
 .debug_aranges
                0x000015a8       0x28 build/startup_stm32g0b1xx.o
 .debug_aranges
                0x000015d0       0x20 /usr/lib/gcc/arm-none-eabi/13.2.1/../../../arm-none-eabi/lib/thumb/v6-m/nofp/libc_nano.a(libc_a-init.o)
 .debug_aranges
                0x000015f0       0x20 /usr/lib/gcc/arm-none-eabi/13.2.1/../../../arm-none-eabi/lib/thumb/v6-m/nofp/libc_nano.a(libc_a-memset.o)
 .debug_aranges
                0x00001610       0x20 /usr/lib/gcc/arm-none-eabi/13.2.1/../../../arm-none-eabi/lib/thumb/v6-m/nofp/libc_nano.a(libc_a-memcpy-stub.o)
 .debug_aranges
                0x00001630       0x20 /usr/lib/gcc/arm-none-eabi/13.2.1/thumb/v6-m/nofp/libgcc.a(_udivsi3.o)
 .debug_aranges
                0x00001650       0x20 /usr/lib/gcc/arm-none-eabi/13.2.1/thumb/v6-m/nofp/libgcc.a(_divsi3.o)
 .debug_aranges
                0x00001670       0x20 /usr/lib/gcc/arm-none-eabi/13.2.1/thumb/v6-m/nofp/libgcc.a(_dvmd_tls.o)
 .debug_aranges
                0x00001690       0x20 /usr/lib/gcc/arm-none-eabi/13.2.1/thumb/v6-m/nofp/libgcc.a(_aeabi_uldivmod.o)
 .debug_aranges
                0x000016b0       0x20 /usr/lib/gcc/arm-none-eabi/13.2.1/thumb/v6-m/nofp/libgcc.a(_udivmoddi4.o)
 .debug_aranges
                0x000016d0       0x20 /usr/lib/gcc/arm-none-eabi/13.2.1/thumb/v6-m/nofp/libgcc.a(_clzdi2.o)
 .debug_aranges
                0x000016f0       0x20 /usr/lib/gcc/arm-none-eabi/13.2.1/thumb/v6-m/nofp/libgcc.a(_clzsi2.o)

.debug_ranges   0x00000000     0x1740
 .debug_ranges  0x00000000       0x70 build/main.o
 .debug_ranges  0x00000070       0x88 build/servo.o
 .debug_ranges  0x000000f8       0x40 build/stm32g0xx_it.o
 .debug_ranges  0x00000138       0x30 build/stm32g0xx_hal_msp.o
 .debug_ranges  0x00000168      0x3d0 build/stm32g0xx_hal_tim.o
 .debug_ranges  0x00000538      0x188 build/stm32g0xx_hal_tim_ex.o
 .debug_ranges  0x000006c0       0xa8 build/stm32g0xx_hal_rcc.o
 .debug_ranges  0x00000768       0x90 build/stm32g0xx_hal_rcc_ex.o
 .debug_ranges  0x000007f8       0x50 build/stm32g0xx_hal_gpio.o
 .debug_ranges  0x00000848       0x80 build/stm32g0xx_hal_dma.o
 .debug_ranges  0x000008c8      0x118 build/stm32g0xx_hal_pwr_ex.o
 .debug_ranges  0x000009e0       0xc8 build/stm32g0xx_hal_cortex.o
 .debug_ranges  0x00000aa8      0x120 build/stm32g0xx_hal.o
 .debug_ranges  0x00000bc8      0x358 build/stm32g0xx_hal_uart.o
 .debug_ranges  0x00000f20       0xf8 build/stm32g0xx_hal_uart_ex.o
 .debug_ranges  0x00001018       0x18 build/system_stm32g0xx.o
 .debug_ranges  0x00001030       0x10 build/usb_device.o
 .debug_ranges  0x00001040       0x50 build/usbd_desc.o
 .debug_ranges  0x00001090       0x38 build/usbd_cdc_if.o
 .debug_ranges  0x000010c8      0x110 build/usbd_conf.o
 .debug_ranges  0x000011d8      0x188 build/stm32g0xx_hal_pcd.o
 .debug_ranges  0x00001360       0x48 build/stm32g0xx_hal_pcd_ex.o
 .debug_ranges  0x000013a8      0x178 build/stm32g0xx_ll_usb.o
 .debug_ranges  0x00001520       0xc8 build/usbd_core.o
 .debug_ranges  0x000015e8       0x78 build/usbd_ctlreq.o
 .debug_ranges  0x00001660       0x40 build/usbd_ioreq.o
 .debug_ranges  0x000016a0       0x80 build/usbd_cdc.o
 .debug_ranges  0x00001720       0x20 build/startup_stm32g0b1xx.o

.debug_line     0x00000000    0x18812
 .debug_line    0x00000000      0x60b build/main.o
 .debug_line    0x0000060b      0x4c8 build/servo.o
 .debug_line    0x00000ad3      0x209 build/stm32g0xx_it.o
 .debug_line    0x00000cdc      0x337 build/stm32g0xx_hal_msp.o
 .debug_line    0x00001013     0x4d33 build/stm32g0xx_hal_tim.o
 .debug_line    0x00005d46     0x1e46 build/stm32g0xx_hal_tim_ex.o
 .debug_line    0x00007b8c      0xe9d build/stm32g0xx_hal_rcc.o
 .debug_line    0x00008a29     0x10e9 build/stm32g0xx_hal_rcc_ex.o
 .debug_line    0x00009b12      0x674 build/stm32g0xx_hal_gpio.o
 .debug_line    0x0000a186      0xc07 build/stm32g0xx_hal_dma.o
 .debug_line    0x0000ad8d      0x7e5 build/stm32g0xx_hal_pwr_ex.o
 .debug_line    0x0000b572      0x632 build/stm32g0xx_hal_cortex.o
 .debug_line    0x0000bba4      0x634 build/stm32g0xx_hal.o
 .debug_line    0x0000c1d8     0x4e6e build/stm32g0xx_hal_uart.o
 .debug_line    0x00011046      0xad6 build/stm32g0xx_hal_uart_ex.o
 .debug_line    0x00011b1c      0x1f8 build/system_stm32g0xx.o
 .debug_line    0x00011d14      0x1b8 build/usb_device.o
 .debug_line    0x00011ecc      0x312 build/usbd_desc.o
 .debug_line    0x000121de      0x228 build/usbd_cdc_if.o
 .debug_line    0x00012406      0x8fa build/usbd_conf.o
 .debug_line    0x00012d00     0x16d4 build/stm32g0xx_hal_pcd.o
 .debug_line    0x000143d4      0x3ad build/stm32g0xx_hal_pcd_ex.o
 .debug_line    0x00014781     0x14ec build/stm32g0xx_ll_usb.o
 .debug_line    0x00015c6d      0x991 build/usbd_core.o
 .debug_line    0x000165fe      0xd04 build/usbd_ctlreq.o
 .debug_line    0x00017302      0x258 build/usbd_ioreq.o
 .debug_line    0x0001755a      0x9de build/usbd_cdc.o
 .debug_line    0x00017f38       0x74 build/startup_stm32g0b1xx.o
 .debug_line    0x00017fac      0x105 /usr/lib/gcc/arm-none-eabi/13.2.1/../../../arm-none-eabi/lib/thumb/v6-m/nofp/libc_nano.a(libc_a-init.o)
 .debug_line    0x000180b1      0x1bd /usr/lib/gcc/arm-none-eabi/13.2.1/../../../arm-none-eabi/lib/thumb/v6-m/nofp/libc_nano.a(libc_a-memset.o)
 .debug_line    0x0001826e      0x1e7 /usr/lib/gcc/arm-none-eabi/13.2.1/../../../arm-none-eabi/lib/thumb/v6-m/nofp/libc_nano.a(libc_a-memcpy-stub.o)
 .debug_line    0x00018455       0x56 /usr/lib/gcc/arm-none-eabi/13.2.1/thumb/v6-m/nofp/libgcc.a(_udivsi3.o)
 .debug_line    0x000184ab       0x5d /usr/lib/gcc/arm-none-eabi/13.2.1/thumb/v6-m/nofp/libgcc.a(_divsi3.o)
 .debug_line    0x00018508       0x4a /usr/lib/gcc/arm-none-eabi/13.2.1/thumb/v6-m/nofp/libgcc.a(_dvmd_tls.o)
 .debug_line    0x00018552       0x55 /usr/lib/gcc/arm-none-eabi/13.2.1/thumb/v6-m/nofp/libgcc.a(_aeabi_uldivmod.o)
 .debug_line    0x000185a7      0x1b9 /usr/lib/gcc/arm-none-eabi/13.2.1/thumb/v6-m/nofp/libgcc.a(_udivmoddi4.o)
 .debug_line    0x00018760       0x54 /usr/lib/gcc/arm-none-eabi/13.2.1/thumb/v6-m/nofp/libgcc.a(_clzdi2.o)
 .debug_line    0x000187b4       0x5e /usr/lib/gcc/arm-none-eabi/13.2.1/thumb/v6-m/nofp/libgcc.a(_clzsi2.o)

.debug_str      0x00000000     0x6f33
 .debug_str     0x00000000     0x6f33 build/main.o
                                0xf95 (size before relaxing)
 .debug_str     0x00006f33      0x8c5 build/servo.o
 .debug_str     0x00006f33      0xac4 build/stm32g0xx_it.o
 .debug_str     0x00006f33     0x104e build/stm32g0xx_hal_msp.o
 .debug_str     0x00006f33     0x17e3 build/stm32g0xx_hal_tim.o
 .debug_str     0x00006f33     0x1169 build/stm32g0xx_hal_tim_ex.o
 .debug_str     0x00006f33      0x7c3 build/stm32g0xx_hal_rcc.o
 .debug_str     0x00006f33      0x8a6 build/stm32g0xx_hal_rcc_ex.o
 .debug_str     0x00006f33      0x3e4 build/stm32g0xx_hal_gpio.o
 .debug_str     0x00006f33      0x75c build/stm32g0xx_hal_dma.o
 .debug_str     0x00006f33      0x770 build/stm32g0xx_hal_pwr_ex.o
 .debug_str     0x00006f33      0x7a5 build/stm32g0xx_hal_cortex.o
 .debug_str     0x00006f33      0xa2d build/stm32g0xx_hal.o
 .debug_str     0x00006f33     0x1129 build/stm32g0xx_hal_uart.o
 .debug_str     0x00006f33      0xb2f build/stm32g0xx_hal_uart_ex.o
 .debug_str     0x00006f33      0x2ac build/system_stm32g0xx.o
 .debug_str     0x00006f33      0x67f build/usb_device.o
 .debug_str     0x00006f33      0x429 build/usbd_desc.o
 .debug_str     0x00006f33      0x773 build/usbd_cdc_if.o
 .debug_str     0x00006f33     0x13ec build/usbd_conf.o
 .debug_str     0x00006f33      0xb23 build/stm32g0xx_hal_pcd.o
 .debug_str     0x00006f33      0x742 build/stm32g0xx_hal_pcd_ex.o
 .debug_str     0x00006f33      0x6f8 build/stm32g0xx_ll_usb.o
 .debug_str     0x00006f33      0x999 build/usbd_core.o
 .debug_str     0x00006f33      0x7c4 build/usbd_ctlreq.o
 .debug_str     0x00006f33      0x699 build/usbd_ioreq.o
 .debug_str     0x00006f33      0xd2d build/usbd_cdc.o
 .debug_str     0x00006f33       0x4f build/startup_stm32g0b1xx.o
 .debug_str     0x00006f33      0x1f3 /usr/lib/gcc/arm-none-eabi/13.2.1/../../../arm-none-eabi/lib/thumb/v6-m/nofp/libc_nano.a(libc_a-init.o)
 .debug_str     0x00006f33      0x1a6 /usr/lib/gcc/arm-none-eabi/13.2.1/../../../arm-none-eabi/lib/thumb/v6-m/nofp/libc_nano.a(libc_a-memset.o)
 .debug_str     0x00006f33      0x1c3 /usr/lib/gcc/arm-none-eabi/13.2.1/../../../arm-none-eabi/lib/thumb/v6-m/nofp/libc_nano.a(libc_a-memcpy-stub.o)
 .debug_str     0x00006f33       0xbe /usr/lib/gcc/arm-none-eabi/13.2.1/thumb/v6-m/nofp/libgcc.a(_udivsi3.o)
 .debug_str     0x00006f33       0xbc /usr/lib/gcc/arm-none-eabi/13.2.1/thumb/v6-m/nofp/libgcc.a(_divsi3.o)
 .debug_str     0x00006f33       0xbf /usr/lib/gcc/arm-none-eabi/13.2.1/thumb/v6-m/nofp/libgcc.a(_dvmd_tls.o)
 .debug_str     0x00006f33       0xb4 /usr/lib/gcc/arm-none-eabi/13.2.1/thumb/v6-m/nofp/libgcc.a(_aeabi_uldivmod.o)
 .debug_str     0x00006f33      0x640 /usr/lib/gcc/arm-none-eabi/13.2.1/thumb/v6-m/nofp/libgcc.a(_udivmoddi4.o)
 .debug_str     0x00006f33       0xa3 /usr/lib/gcc/arm-none-eabi/13.2.1/thumb/v6-m/nofp/libgcc.a(_clzdi2.o)
 .debug_str     0x00006f33       0xac /usr/lib/gcc/arm-none-eabi/13.2.1/thumb/v6-m/nofp/libgcc.a(_clzsi2.o)

.debug_frame    0x00000000     0x38ec
 .debug_frame   0x00000000       0xac build/main.o
 .debug_frame   0x000000ac       0xbc build/servo.o
 .debug_frame   0x00000168       0x98 build/stm32g0xx_it.o
 .debug_frame   0x00000200       0x88 build/stm32g0xx_hal_msp.o
 .debug_frame   0x00000288      0xb20 build/stm32g0xx_hal_tim.o
 .debug_frame   0x00000da8      0x4c0 build/stm32g0xx_hal_tim_ex.o
 .debug_frame   0x00001268      0x174 build/stm32g0xx_hal_rcc.o
 .debug_frame   0x000013dc      0x144 build/stm32g0xx_hal_rcc_ex.o
 .debug_frame   0x00001520       0xd0 build/stm32g0xx_hal_gpio.o
 .debug_frame   0x000015f0      0x178 build/stm32g0xx_hal_dma.o
 .debug_frame   0x00001768      0x258 build/stm32g0xx_hal_pwr_ex.o
 .debug_frame   0x000019c0      0x194 build/stm32g0xx_hal_cortex.o
 .debug_frame   0x00001b54      0x274 build/stm32g0xx_hal.o
 .debug_frame   0x00001dc8      0x6ec build/stm32g0xx_hal_uart.o
 .debug_frame   0x000024b4      0x1e0 build/stm32g0xx_hal_uart_ex.o
 .debug_frame   0x00002694       0x38 build/system_stm32g0xx.o
 .debug_frame   0x000026cc       0x28 build/usb_device.o
 .debug_frame   0x000026f4       0xe0 build/usbd_desc.o
 .debug_frame   0x000027d4       0x8c build/usbd_cdc_if.o
 .debug_frame   0x00002860      0x314 build/usbd_conf.o
 .debug_frame   0x00002b74      0x3a0 build/stm32g0xx_hal_pcd.o
 .debug_frame   0x00002f14       0xac build/stm32g0xx_hal_pcd_ex.o
 .debug_frame   0x00002fc0      0x23c build/stm32g0xx_ll_usb.o
 .debug_frame   0x000031fc      0x22c build/usbd_core.o
 .debug_frame   0x00003428      0x174 build/usbd_ctlreq.o
 .debug_frame   0x0000359c       0xb8 build/usbd_ioreq.o
 .debug_frame   0x00003654      0x190 build/usbd_cdc.o
 .debug_frame   0x000037e4       0x2c /usr/lib/gcc/arm-none-eabi/13.2.1/../../../arm-none-eabi/lib/thumb/v6-m/nofp/libc_nano.a(libc_a-init.o)
 .debug_frame   0x00003810       0x30 /usr/lib/gcc/arm-none-eabi/13.2.1/../../../arm-none-eabi/lib/thumb/v6-m/nofp/libc_nano.a(libc_a-memset.o)
 .debug_frame   0x00003840       0x30 /usr/lib/gcc/arm-none-eabi/13.2.1/../../../arm-none-eabi/lib/thumb/v6-m/nofp/libc_nano.a(libc_a-memcpy-stub.o)
 .debug_frame   0x00003870       0x20 /usr/lib/gcc/arm-none-eabi/13.2.1/thumb/v6-m/nofp/libgcc.a(_udivsi3.o)
 .debug_frame   0x00003890       0x20 /usr/lib/gcc/arm-none-eabi/13.2.1/thumb/v6-m/nofp/libgcc.a(_divsi3.o)
 .debug_frame   0x000038b0       0x3c /usr/lib/gcc/arm-none-eabi/13.2.1/thumb/v6-m/nofp/libgcc.a(_udivmoddi4.o)

.debug_loclists
                0x00000000      0x782
 .debug_loclists
                0x00000000       0x5a /usr/lib/gcc/arm-none-eabi/13.2.1/../../../arm-none-eabi/lib/thumb/v6-m/nofp/libc_nano.a(libc_a-init.o)
 .debug_loclists
                0x0000005a      0x1c6 /usr/lib/gcc/arm-none-eabi/13.2.1/../../../arm-none-eabi/lib/thumb/v6-m/nofp/libc_nano.a(libc_a-memset.o)
 .debug_loclists
                0x00000220      0x2c7 /usr/lib/gcc/arm-none-eabi/13.2.1/../../../arm-none-eabi/lib/thumb/v6-m/nofp/libc_nano.a(libc_a-memcpy-stub.o)
 .debug_loclists
                0x000004e7      0x29b /usr/lib/gcc/arm-none-eabi/13.2.1/thumb/v6-m/nofp/libgcc.a(_udivmoddi4.o)

.debug_line_str
                0x00000000       0xa3
 .debug_line_str
                0x00000000       0xa3 /usr/lib/gcc/arm-none-eabi/13.2.1/thumb/v6-m/nofp/libgcc.a(_udivsi3.o)
                                 0x97 (size before relaxing)
 .debug_line_str
                0x000000a3       0x97 /usr/lib/gcc/arm-none-eabi/13.2.1/thumb/v6-m/nofp/libgcc.a(_divsi3.o)
 .debug_line_str
                0x000000a3       0x97 /usr/lib/gcc/arm-none-eabi/13.2.1/thumb/v6-m/nofp/libgcc.a(_dvmd_tls.o)
 .debug_line_str
                0x000000a3       0x97 /usr/lib/gcc/arm-none-eabi/13.2.1/thumb/v6-m/nofp/libgcc.a(_aeabi_uldivmod.o)
 .debug_line_str
                0x000000a3       0x97 /usr/lib/gcc/arm-none-eabi/13.2.1/thumb/v6-m/nofp/libgcc.a(_clzdi2.o)
 .debug_line_str
                0x000000a3       0x97 /usr/lib/gcc/arm-none-eabi/13.2.1/thumb/v6-m/nofp/libgcc.a(_clzsi2.o)

Cross Reference Table

Symbol                                            File
ADC1_COMP_IRQHandler                              build/startup_stm32g0b1xx.o
AHBPrescTable                                     build/system_stm32g0xx.o
                                                  build/stm32g0xx_hal_rcc.o
APBPrescTable                                     build/system_stm32g0xx.o
                                                  build/stm32g0xx_hal_rcc.o
CDC_Desc                                          build/usbd_desc.o
                                                  build/usb_device.o
CDC_Transmit_FS                                   build/usbd_cdc_if.o
                                                  build/main.o
CEC_IRQHandler                                    build/startup_stm32g0b1xx.o
DMA1_Ch4_7_DMA2_Ch1_5_DMAMUX1_OVR_IRQHandler      build/startup_stm32g0b1xx.o
DMA1_Channel1_IRQHandler                          build/startup_stm32g0b1xx.o
DMA1_Channel2_3_IRQHandler                        build/startup_stm32g0b1xx.o
Default_Handler                                   build/startup_stm32g0b1xx.o
EXTI0_1_IRQHandler                                build/startup_stm32g0b1xx.o
EXTI2_3_IRQHandler                                build/startup_stm32g0b1xx.o
EXTI4_15_IRQHandler                               build/startup_stm32g0b1xx.o
Error_Handler                                     build/main.o
                                                  build/usbd_conf.o
                                                  build/usb_device.o
                                                  build/stm32g0xx_hal_msp.o
FLASH_FlushCaches                                 build/stm32g0xx_hal_flash_ex.o
FLASH_IRQHandler                                  build/startup_stm32g0b1xx.o
FLASH_PageErase                                   build/stm32g0xx_hal_flash_ex.o
                                                  build/stm32g0xx_hal_flash.o
FLASH_WaitForLastOperation                        build/stm32g0xx_hal_flash.o
                                                  build/stm32g0xx_hal_flash_ex.o
HAL_DBGMCU_DisableDBGStandbyMode                  build/stm32g0xx_hal.o
HAL_DBGMCU_DisableDBGStopMode                     build/stm32g0xx_hal.o
HAL_DBGMCU_EnableDBGStandbyMode                   build/stm32g0xx_hal.o
HAL_DBGMCU_EnableDBGStopMode                      build/stm32g0xx_hal.o
HAL_DMAEx_ConfigMuxRequestGenerator               build/stm32g0xx_hal_dma_ex.o
HAL_DMAEx_ConfigMuxSync                           build/stm32g0xx_hal_dma_ex.o
HAL_DMAEx_DisableMuxRequestGenerator              build/stm32g0xx_hal_dma_ex.o
HAL_DMAEx_EnableMuxRequestGenerator               build/stm32g0xx_hal_dma_ex.o
HAL_DMAEx_MUX_IRQHandler                          build/stm32g0xx_hal_dma_ex.o
HAL_DMA_Abort                                     build/stm32g0xx_hal_dma.o
                                                  build/stm32g0xx_hal_uart.o
HAL_DMA_Abort_IT                                  build/stm32g0xx_hal_dma.o
                                                  build/stm32g0xx_hal_uart.o
                                                  build/stm32g0xx_hal_tim_ex.o
                                                  build/stm32g0xx_hal_tim.o
HAL_DMA_DeInit                                    build/stm32g0xx_hal_dma.o
HAL_DMA_GetError                                  build/stm32g0xx_hal_dma.o
                                                  build/stm32g0xx_hal_uart.o
HAL_DMA_GetState                                  build/stm32g0xx_hal_dma.o
HAL_DMA_IRQHandler                                build/stm32g0xx_hal_dma.o
HAL_DMA_Init                                      build/stm32g0xx_hal_dma.o
HAL_DMA_PollForTransfer                           build/stm32g0xx_hal_dma.o
HAL_DMA_RegisterCallback                          build/stm32g0xx_hal_dma.o
HAL_DMA_Start                                     build/stm32g0xx_hal_dma.o
HAL_DMA_Start_IT                                  build/stm32g0xx_hal_dma.o
                                                  build/stm32g0xx_hal_uart.o
                                                  build/stm32g0xx_hal_tim_ex.o
                                                  build/stm32g0xx_hal_tim.o
HAL_DMA_UnRegisterCallback                        build/stm32g0xx_hal_dma.o
HAL_DeInit                                        build/stm32g0xx_hal.o
HAL_Delay                                         build/stm32g0xx_hal.o
                                                  build/stm32g0xx_ll_usb.o
                                                  build/stm32g0xx_hal_pcd_ex.o
                                                  build/usbd_conf.o
                                                  build/main.o
HAL_EXTI_ClearConfigLine                          build/stm32g0xx_hal_exti.o
HAL_EXTI_ClearPending                             build/stm32g0xx_hal_exti.o
HAL_EXTI_GenerateSWI                              build/stm32g0xx_hal_exti.o
HAL_EXTI_GetConfigLine                            build/stm32g0xx_hal_exti.o
HAL_EXTI_GetHandle                                build/stm32g0xx_hal_exti.o
HAL_EXTI_GetPending                               build/stm32g0xx_hal_exti.o
HAL_EXTI_IRQHandler                               build/stm32g0xx_hal_exti.o
HAL_EXTI_RegisterCallback                         build/stm32g0xx_hal_exti.o
HAL_EXTI_SetConfigLine                            build/stm32g0xx_hal_exti.o
HAL_FLASHEx_DisableDebugger                       build/stm32g0xx_hal_flash_ex.o
HAL_FLASHEx_EnableDebugger                        build/stm32g0xx_hal_flash_ex.o
HAL_FLASHEx_EnableSecMemProtection                build/stm32g0xx_hal_flash_ex.o
HAL_FLASHEx_Erase                                 build/stm32g0xx_hal_flash_ex.o
HAL_FLASHEx_Erase_IT                              build/stm32g0xx_hal_flash_ex.o
HAL_FLASHEx_FlashEmptyCheck                       build/stm32g0xx_hal_flash_ex.o
HAL_FLASHEx_ForceFlashEmpty                       build/stm32g0xx_hal_flash_ex.o
HAL_FLASHEx_OBGetConfig                           build/stm32g0xx_hal_flash_ex.o
HAL_FLASHEx_OBProgram                             build/stm32g0xx_hal_flash_ex.o
HAL_FLASH_EndOfOperationCallback                  build/stm32g0xx_hal_flash.o
HAL_FLASH_GetError                                build/stm32g0xx_hal_flash.o
HAL_FLASH_IRQHandler                              build/stm32g0xx_hal_flash.o
HAL_FLASH_Lock                                    build/stm32g0xx_hal_flash.o
HAL_FLASH_OB_Launch                               build/stm32g0xx_hal_flash.o
HAL_FLASH_OB_Lock                                 build/stm32g0xx_hal_flash.o
HAL_FLASH_OB_Unlock                               build/stm32g0xx_hal_flash.o
HAL_FLASH_OperationErrorCallback                  build/stm32g0xx_hal_flash.o
HAL_FLASH_Program                                 build/stm32g0xx_hal_flash.o
HAL_FLASH_Program_IT                              build/stm32g0xx_hal_flash.o
HAL_FLASH_Unlock                                  build/stm32g0xx_hal_flash.o
HAL_GPIO_DeInit                                   build/stm32g0xx_hal_gpio.o
                                                  build/stm32g0xx_hal_msp.o
HAL_GPIO_EXTI_Falling_Callback                    build/stm32g0xx_hal_gpio.o
HAL_GPIO_EXTI_IRQHandler                          build/stm32g0xx_hal_gpio.o
HAL_GPIO_EXTI_Rising_Callback                     build/stm32g0xx_hal_gpio.o
HAL_GPIO_Init                                     build/stm32g0xx_hal_gpio.o
                                                  build/stm32g0xx_hal_rcc_ex.o
                                                  build/stm32g0xx_hal_rcc.o
                                                  build/stm32g0xx_hal_msp.o
HAL_GPIO_LockPin                                  build/stm32g0xx_hal_gpio.o
HAL_GPIO_ReadPin                                  build/stm32g0xx_hal_gpio.o
HAL_GPIO_TogglePin                                build/stm32g0xx_hal_gpio.o
HAL_GPIO_WritePin                                 build/stm32g0xx_hal_gpio.o
HAL_GetDEVID                                      build/stm32g0xx_hal.o
HAL_GetHalVersion                                 build/stm32g0xx_hal.o
HAL_GetREVID                                      build/stm32g0xx_hal.o
HAL_GetTick                                       build/stm32g0xx_hal.o
                                                  build/stm32g0xx_hal_pcd_ex.o
                                                  build/stm32g0xx_hal_uart_ex.o
                                                  build/stm32g0xx_hal_uart.o
                                                  build/stm32g0xx_hal_dma.o
                                                  build/stm32g0xx_hal_flash.o
                                                  build/stm32g0xx_hal_rcc_ex.o
                                                  build/stm32g0xx_hal_rcc.o
                                                  build/stm32g0xx_hal_tim_ex.o
                                                  build/servo.o
HAL_GetTickFreq                                   build/stm32g0xx_hal.o
HAL_GetTickPrio                                   build/stm32g0xx_hal.o
HAL_GetUIDw0                                      build/stm32g0xx_hal.o
HAL_GetUIDw1                                      build/stm32g0xx_hal.o
HAL_GetUIDw2                                      build/stm32g0xx_hal.o
HAL_HalfDuplex_EnableReceiver                     build/stm32g0xx_hal_uart.o
                                                  build/servo.o
HAL_HalfDuplex_EnableTransmitter                  build/stm32g0xx_hal_uart.o
                                                  build/servo.o
HAL_HalfDuplex_Init                               build/stm32g0xx_hal_uart.o
                                                  build/main.o
HAL_IncTick                                       build/stm32g0xx_hal.o
                                                  build/stm32g0xx_it.o
HAL_Init                                          build/stm32g0xx_hal.o
                                                  build/main.o
HAL_InitTick                                      build/stm32g0xx_hal.o
                                                  build/stm32g0xx_hal_rcc.o
HAL_LIN_Init                                      build/stm32g0xx_hal_uart.o
HAL_LIN_SendBreak                                 build/stm32g0xx_hal_uart.o
HAL_MPU_ConfigRegion                              build/stm32g0xx_hal_cortex.o
HAL_MPU_Disable                                   build/stm32g0xx_hal_cortex.o
HAL_MPU_DisableRegion                             build/stm32g0xx_hal_cortex.o
HAL_MPU_Enable                                    build/stm32g0xx_hal_cortex.o
HAL_MPU_EnableRegion                              build/stm32g0xx_hal_cortex.o
HAL_MspDeInit                                     build/stm32g0xx_hal.o
HAL_MspInit                                       build/stm32g0xx_hal_msp.o
HAL_MultiProcessorEx_AddressLength_Set            build/stm32g0xx_hal_uart_ex.o
HAL_MultiProcessor_DisableMuteMode                build/stm32g0xx_hal_uart.o
HAL_MultiProcessor_EnableMuteMode                 build/stm32g0xx_hal_uart.o
HAL_MultiProcessor_EnterMuteMode                  build/stm32g0xx_hal_uart.o
HAL_MultiProcessor_Init                           build/stm32g0xx_hal_uart.o
HAL_NVIC_ClearPendingIRQ                          build/stm32g0xx_hal_cortex.o
HAL_NVIC_DisableIRQ                               build/stm32g0xx_hal_cortex.o
                                                  build/usbd_conf.o
                                                  build/stm32g0xx_hal_msp.o
HAL_NVIC_EnableIRQ                                build/stm32g0xx_hal_cortex.o
                                                  build/usbd_conf.o
                                                  build/stm32g0xx_hal_msp.o
HAL_NVIC_GetPendingIRQ                            build/stm32g0xx_hal_cortex.o
HAL_NVIC_GetPriority                              build/stm32g0xx_hal_cortex.o
HAL_NVIC_SetPendingIRQ                            build/stm32g0xx_hal_cortex.o
HAL_NVIC_SetPriority                              build/stm32g0xx_hal_cortex.o
                                                  build/usbd_conf.o
                                                  build/stm32g0xx_hal.o
                                                  build/stm32g0xx_hal_msp.o
HAL_NVIC_SystemReset                              build/stm32g0xx_hal_cortex.o
HAL_PCDEx_ActivateBCD                             build/stm32g0xx_hal_pcd_ex.o
HAL_PCDEx_ActivateLPM                             build/stm32g0xx_hal_pcd_ex.o
                                                  build/stm32g0xx_hal_pcd.o
HAL_PCDEx_BCD_Callback                            build/stm32g0xx_hal_pcd_ex.o
HAL_PCDEx_BCD_VBUSDetect                          build/stm32g0xx_hal_pcd_ex.o
HAL_PCDEx_DeActivateBCD                           build/stm32g0xx_hal_pcd_ex.o
HAL_PCDEx_DeActivateLPM                           build/stm32g0xx_hal_pcd_ex.o
HAL_PCDEx_LPM_Callback                            build/usbd_conf.o
                                                  build/stm32g0xx_hal_pcd.o
HAL_PCDEx_PMAConfig                               build/stm32g0xx_hal_pcd_ex.o
                                                  build/usbd_conf.o
HAL_PCD_ActivateRemoteWakeup                      build/stm32g0xx_hal_pcd.o
HAL_PCD_ConnectCallback                           build/usbd_conf.o
HAL_PCD_DataInStageCallback                       build/usbd_conf.o
HAL_PCD_DataOutStageCallback                      build/usbd_conf.o
HAL_PCD_DeActivateRemoteWakeup                    build/stm32g0xx_hal_pcd.o
HAL_PCD_DeInit                                    build/stm32g0xx_hal_pcd.o
                                                  build/usbd_conf.o
HAL_PCD_DevConnect                                build/stm32g0xx_hal_pcd.o
HAL_PCD_DevDisconnect                             build/stm32g0xx_hal_pcd.o
HAL_PCD_DisconnectCallback                        build/usbd_conf.o
HAL_PCD_EP_Abort                                  build/stm32g0xx_hal_pcd.o
HAL_PCD_EP_Close                                  build/stm32g0xx_hal_pcd.o
                                                  build/usbd_conf.o
HAL_PCD_EP_ClrStall                               build/stm32g0xx_hal_pcd.o
                                                  build/usbd_conf.o
HAL_PCD_EP_Flush                                  build/stm32g0xx_hal_pcd.o
                                                  build/usbd_conf.o
HAL_PCD_EP_GetRxCount                             build/stm32g0xx_hal_pcd.o
                                                  build/usbd_conf.o
HAL_PCD_EP_Open                                   build/stm32g0xx_hal_pcd.o
                                                  build/usbd_conf.o
HAL_PCD_EP_Receive                                build/stm32g0xx_hal_pcd.o
                                                  build/usbd_conf.o
HAL_PCD_EP_SetStall                               build/stm32g0xx_hal_pcd.o
                                                  build/usbd_conf.o
HAL_PCD_EP_Transmit                               build/stm32g0xx_hal_pcd.o
                                                  build/usbd_conf.o
HAL_PCD_GetState                                  build/stm32g0xx_hal_pcd.o
HAL_PCD_IRQHandler                                build/stm32g0xx_hal_pcd.o
                                                  build/stm32g0xx_it.o
HAL_PCD_ISOINIncompleteCallback                   build/usbd_conf.o
HAL_PCD_ISOOUTIncompleteCallback                  build/usbd_conf.o
HAL_PCD_Init                                      build/stm32g0xx_hal_pcd.o
                                                  build/usbd_conf.o
HAL_PCD_MspDeInit                                 build/usbd_conf.o
HAL_PCD_MspInit                                   build/usbd_conf.o
HAL_PCD_ResetCallback                             build/usbd_conf.o
HAL_PCD_ResumeCallback                            build/usbd_conf.o
HAL_PCD_SOFCallback                               build/usbd_conf.o
HAL_PCD_SetAddress                                build/stm32g0xx_hal_pcd.o
                                                  build/usbd_conf.o
HAL_PCD_SetupStageCallback                        build/usbd_conf.o
HAL_PCD_Start                                     build/stm32g0xx_hal_pcd.o
                                                  build/usbd_conf.o
HAL_PCD_Stop                                      build/stm32g0xx_hal_pcd.o
                                                  build/usbd_conf.o
HAL_PCD_SuspendCallback                           build/usbd_conf.o
HAL_PWREx_ConfigPVD                               build/stm32g0xx_hal_pwr_ex.o
HAL_PWREx_ConfigPVM                               build/stm32g0xx_hal_pwr_ex.o
HAL_PWREx_ControlVoltageScaling                   build/stm32g0xx_hal_pwr_ex.o
                                                  build/main.o
HAL_PWREx_DisableBatteryCharging                  build/stm32g0xx_hal_pwr_ex.o
HAL_PWREx_DisableFlashPowerDown                   build/stm32g0xx_hal_pwr_ex.o
HAL_PWREx_DisableGPIOPullDown                     build/stm32g0xx_hal_pwr_ex.o
HAL_PWREx_DisableGPIOPullUp                       build/stm32g0xx_hal_pwr_ex.o
HAL_PWREx_DisableInternalWakeUpLine               build/stm32g0xx_hal_pwr_ex.o
HAL_PWREx_DisableLowPowerRunMode                  build/stm32g0xx_hal_pwr_ex.o
                                                  build/stm32g0xx_hal_pwr.o
HAL_PWREx_DisablePORMonitorSampling               build/stm32g0xx_hal_pwr_ex.o
HAL_PWREx_DisablePVD                              build/stm32g0xx_hal_pwr_ex.o
HAL_PWREx_DisablePVMUSB                           build/stm32g0xx_hal_pwr_ex.o
HAL_PWREx_DisablePullUpPullDownConfig             build/stm32g0xx_hal_pwr_ex.o
HAL_PWREx_DisableSRAMRetention                    build/stm32g0xx_hal_pwr_ex.o
HAL_PWREx_DisableVddIO2                           build/stm32g0xx_hal_pwr_ex.o
HAL_PWREx_DisableVddUSB                           build/stm32g0xx_hal_pwr_ex.o
HAL_PWREx_EnableBatteryCharging                   build/stm32g0xx_hal_pwr_ex.o
HAL_PWREx_EnableFlashPowerDown                    build/stm32g0xx_hal_pwr_ex.o
HAL_PWREx_EnableGPIOPullDown                      build/stm32g0xx_hal_pwr_ex.o
HAL_PWREx_EnableGPIOPullUp                        build/stm32g0xx_hal_pwr_ex.o
HAL_PWREx_EnableInternalWakeUpLine                build/stm32g0xx_hal_pwr_ex.o
HAL_PWREx_EnableLowPowerRunMode                   build/stm32g0xx_hal_pwr_ex.o
                                                  build/stm32g0xx_hal_pwr.o
HAL_PWREx_EnablePORMonitorSampling                build/stm32g0xx_hal_pwr_ex.o
HAL_PWREx_EnablePVD                               build/stm32g0xx_hal_pwr_ex.o
HAL_PWREx_EnablePVMUSB                            build/stm32g0xx_hal_pwr_ex.o
HAL_PWREx_EnablePullUpPullDownConfig              build/stm32g0xx_hal_pwr_ex.o
HAL_PWREx_EnableSRAMRetention                     build/stm32g0xx_hal_pwr_ex.o
HAL_PWREx_EnableVddIO2                            build/stm32g0xx_hal_pwr_ex.o
HAL_PWREx_EnableVddUSB                            build/stm32g0xx_hal_pwr_ex.o
                                                  build/usbd_conf.o
HAL_PWREx_EnterSHUTDOWNMode                       build/stm32g0xx_hal_pwr_ex.o
HAL_PWREx_GetVoltageRange                         build/stm32g0xx_hal_pwr_ex.o
HAL_PWREx_PVD_PVM_Falling_Callback                build/stm32g0xx_hal_pwr_ex.o
HAL_PWREx_PVD_PVM_IRQHandler                      build/stm32g0xx_hal_pwr_ex.o
HAL_PWREx_PVD_PVM_Rising_Callback                 build/stm32g0xx_hal_pwr_ex.o
HAL_PWR_DeInit                                    build/stm32g0xx_hal_pwr.o
HAL_PWR_DisableBkUpAccess                         build/stm32g0xx_hal_pwr.o
                                                  build/stm32g0xx_hal_rcc_ex.o
HAL_PWR_DisableSEVOnPend                          build/stm32g0xx_hal_pwr.o
HAL_PWR_DisableSleepOnExit                        build/stm32g0xx_hal_pwr.o
HAL_PWR_DisableWakeUpPin                          build/stm32g0xx_hal_pwr.o
HAL_PWR_EnableBkUpAccess                          build/stm32g0xx_hal_pwr.o
                                                  build/stm32g0xx_hal_rcc_ex.o
HAL_PWR_EnableSEVOnPend                           build/stm32g0xx_hal_pwr.o
HAL_PWR_EnableSleepOnExit                         build/stm32g0xx_hal_pwr.o
HAL_PWR_EnableWakeUpPin                           build/stm32g0xx_hal_pwr.o
HAL_PWR_EnterSLEEPMode                            build/stm32g0xx_hal_pwr.o
HAL_PWR_EnterSTANDBYMode                          build/stm32g0xx_hal_pwr.o
HAL_PWR_EnterSTOPMode                             build/stm32g0xx_hal_pwr.o